{
  "probes": [
    {
      "session": "qid_1000__full_question__r1",
      "source_ref": "w_457cea2a81365bc284dca399",
      "result_ref": "w_d6a7bc9a5f9554888e607ece",
      "source_sha256": "41378018bf931c1633726abc88d8f76feb61d4396db6ceedabbc2ba5f5d8580b",
      "status": "restored_and_opened"
    },
    {
      "session": "qid_1000__selector__r1",
      "source_ref": "w_457cea2a81365bc284dca399",
      "result_ref": "w_d6a7bc9a5f9554888e607ece",
      "source_sha256": "41378018bf931c1633726abc88d8f76feb61d4396db6ceedabbc2ba5f5d8580b",
      "status": "restored_and_opened"
    },
    {
      "session": "qid_1000__selector__r2",
      "source_ref": "w_457cea2a81365bc284dca399",
      "result_ref": "w_d6a7bc9a5f9554888e607ece",
      "source_sha256": "41378018bf931c1633726abc88d8f76feb61d4396db6ceedabbc2ba5f5d8580b",
      "status": "restored_and_opened"
    },
    {
      "session": "qid_1035__full_question__r1",
      "source_ref": "w_8640a0acb4558aa7af5ea5df",
      "result_ref": "w_6f7a761812f5f015b752798d",
      "source_sha256": "88711d17d676247021a46b749d224f8183042d7ddf471eddc3e34b4a45857238",
      "status": "restored_and_opened"
    },
    {
      "session": "qid_1035__selector__r1",
      "source_ref": "w_503438fc75b6ac9c35bb471f",
      "result_ref": "w_14bf9ac2fb38d4254b06ca81",
      "source_sha256": "fa87a56652d67b944fdbf064878575df254638b0f71662e51aa8574a16d4fd4d",
      "status": "restored_and_opened"
    },
    {
      "session": "qid_1035__selector__r2",
      "source_ref": "w_2d1d98797fe8928e03e9ff9c",
      "result_ref": "w_22ceff038bf3ac999971f5a0",
      "source_sha256": "8b6637ea21b6b81de3a694becdaf422714ac02b5c28e89f939a7f78ddaa0f6cd",
      "status": "restored_and_opened"
    },
    {
      "session": "qid_1039__full_question__r1",
      "source_ref": "w_aa1f682af6328b25d49bcfe7",
      "result_ref": "w_bc48568cca1f379f89660c8b",
      "source_sha256": "63eb1941fe9b8d44d5906bd752edb8ea0e02d8a593ae908dfeaa287ac959637c",
      "status": "restored_and_opened"
    },
    {
      "session": "qid_1039__selector__r1",
      "source_ref": "w_aa1f682af6328b25d49bcfe7",
      "result_ref": "w_bc48568cca1f379f89660c8b",
      "source_sha256": "63eb1941fe9b8d44d5906bd752edb8ea0e02d8a593ae908dfeaa287ac959637c",
      "status": "restored_and_opened"
    },
    {
      "session": "qid_1039__selector__r2",
      "source_ref": "w_aa1f682af6328b25d49bcfe7",
      "result_ref": "w_bc48568cca1f379f89660c8b",
      "source_sha256": "63eb1941fe9b8d44d5906bd752edb8ea0e02d8a593ae908dfeaa287ac959637c",
      "status": "restored_and_opened"
    },
    {
      "session": "qid_1147__full_question__r1",
      "source_ref": "w_4184474b5bc5a21bea3fb76c",
      "result_ref": "w_c95e277fce3fc8fde0ed54d1",
      "source_sha256": "71fa48558bec5570437af80efaf726ed1d51dd8a45a8a21ae1379a559edaedab",
      "status": "restored_and_opened"
    },
    {
      "session": "qid_1147__selector__r1",
      "source_ref": "w_4184474b5bc5a21bea3fb76c",
      "result_ref": "w_c95e277fce3fc8fde0ed54d1",
      "source_sha256": "71fa48558bec5570437af80efaf726ed1d51dd8a45a8a21ae1379a559edaedab",
      "status": "restored_and_opened"
    },
    {
      "session": "qid_1147__selector__r2",
      "source_ref": "w_4184474b5bc5a21bea3fb76c",
      "result_ref": "w_c95e277fce3fc8fde0ed54d1",
      "source_sha256": "71fa48558bec5570437af80efaf726ed1d51dd8a45a8a21ae1379a559edaedab",
      "status": "restored_and_opened"
    },
    {
      "session": "qid_1249__full_question__r1",
      "source_ref": "w_cff1ea92e57777de8bc9bc3e",
      "result_ref": "w_8a88df456800c86067a18010",
      "source_sha256": "fd80ec3ac6fc1d8baeb17748cc8dd6f3d491cf2e10e2108dc2a6f5cce3e7da8f",
      "status": "restored_and_opened"
    },
    {
      "session": "qid_1249__selector__r1",
      "source_ref": "w_cff1ea92e57777de8bc9bc3e",
      "result_ref": "w_8a88df456800c86067a18010",
      "source_sha256": "fd80ec3ac6fc1d8baeb17748cc8dd6f3d491cf2e10e2108dc2a6f5cce3e7da8f",
      "status": "restored_and_opened"
    },
    {
      "session": "qid_1249__selector__r2",
      "source_ref": "w_cff1ea92e57777de8bc9bc3e",
      "result_ref": "w_8a88df456800c86067a18010",
      "source_sha256": "fd80ec3ac6fc1d8baeb17748cc8dd6f3d491cf2e10e2108dc2a6f5cce3e7da8f",
      "status": "restored_and_opened"
    },
    {
      "session": "qid_124__full_question__r1",
      "source_ref": "w_1e0cf0d7188fcd2b9af359e9",
      "result_ref": "w_57273563326dc3e232ab4da6",
      "source_sha256": "0e40e809930deec22ca82e45636695094ab971f69cbc1ef8a68b23000abe9188",
      "status": "restored_and_opened"
    },
    {
      "session": "qid_124__selector__r1",
      "source_ref": "w_c16c2388900c833741d7958d",
      "result_ref": "w_eceb8f7f0775abcb09316107",
      "source_sha256": "b7d4ab6b9fa73878de8d1538884e667cf156e100d0a1ae2e01a3a8290a5ef3ba",
      "status": "restored_and_opened"
    },
    {
      "session": "qid_124__selector__r2",
      "source_ref": "w_c16c2388900c833741d7958d",
      "result_ref": "w_eceb8f7f0775abcb09316107",
      "source_sha256": "b7d4ab6b9fa73878de8d1538884e667cf156e100d0a1ae2e01a3a8290a5ef3ba",
      "status": "restored_and_opened"
    },
    {
      "session": "qid_134__full_question__r1",
      "source_ref": "w_4e39e4458045be15132b416a",
      "result_ref": "w_6f9a437e0832b51547bbc33f",
      "source_sha256": "dd745aa032ffa247d51a54cd441806312e5e4d093dae281e99a5cd93648ccb14",
      "status": "restored_and_opened"
    },
    {
      "session": "qid_134__selector__r1",
      "source_ref": "w_268a1c2f7630f03091708e6d",
      "result_ref": "w_6f9a437e0832b51547bbc33f",
      "source_sha256": "dd745aa032ffa247d51a54cd441806312e5e4d093dae281e99a5cd93648ccb14",
      "status": "restored_and_opened"
    },
    {
      "session": "qid_134__selector__r2",
      "source_ref": "w_8f0447eca4a3b02f0d6c7798",
      "result_ref": "w_8c34110a9cb00ae43f17ac3c",
      "source_sha256": "8878be4d4eb8d933b09bb4e7b6bd75cb3ca384c432c3c0166036f5c76f2b768a",
      "status": "restored_and_opened"
    },
    {
      "session": "qid_191__full_question__r1",
      "source_ref": "w_3cc9683692db8cfd844f9f74",
      "result_ref": "w_9c34ddd212dc58b8f8c3eac2",
      "source_sha256": "48645c662826f362868dc6faebad55277ddf5bce632dc744c4c15b64d68a754a",
      "status": "restored_and_opened"
    },
    {
      "session": "qid_191__selector__r1",
      "source_ref": "w_3cc9683692db8cfd844f9f74",
      "result_ref": "w_9c34ddd212dc58b8f8c3eac2",
      "source_sha256": "48645c662826f362868dc6faebad55277ddf5bce632dc744c4c15b64d68a754a",
      "status": "restored_and_opened"
    },
    {
      "session": "qid_191__selector__r2",
      "source_ref": "w_3cc9683692db8cfd844f9f74",
      "result_ref": "w_9c34ddd212dc58b8f8c3eac2",
      "source_sha256": "48645c662826f362868dc6faebad55277ddf5bce632dc744c4c15b64d68a754a",
      "status": "restored_and_opened"
    },
    {
      "session": "qid_435__full_question__r1",
      "source_ref": "w_c695c833138d105df73d74a4",
      "result_ref": "w_c695c833138d105df73d74a4",
      "source_sha256": "e7b991806a8bb785663b2dcc489b118a507272e73ebbf555fbc9b7b805b5d09c",
      "status": "restored_and_opened"
    },
    {
      "session": "qid_435__selector__r1",
      "source_ref": "w_c695c833138d105df73d74a4",
      "result_ref": "w_c695c833138d105df73d74a4",
      "source_sha256": "e7b991806a8bb785663b2dcc489b118a507272e73ebbf555fbc9b7b805b5d09c",
      "status": "restored_and_opened"
    },
    {
      "session": "qid_435__selector__r2",
      "source_ref": "w_bd9f999028463a09ca062640",
      "result_ref": "w_a23661870115ef31a4a0d619",
      "source_sha256": "d4668ef3e0cb555ce9ab6bdc3d9131adc3f4d14b4564c1e2c5b3049225f31860",
      "status": "restored_and_opened"
    },
    {
      "session": "qid_446__full_question__r1",
      "source_ref": "w_d621f9666a9cabc0dc7e417d",
      "result_ref": "w_dc3d2d292dd189eff87a4567",
      "source_sha256": "905300fd2bcce2e43d374b9a434a143bb3c819a3add6e104953cf9db3bab3249",
      "status": "restored_and_opened"
    },
    {
      "session": "qid_446__selector__r1",
      "source_ref": "w_0bf1bd6c76a6ea224924269a",
      "result_ref": "w_e3209d52c6a03a1d2ae7b4e0",
      "source_sha256": "730f042840633dad5f80103c1b9e8ee08d53b177c3223d3a8651d785a227fa77",
      "status": "restored_and_opened"
    },
    {
      "session": "qid_446__selector__r2",
      "source_ref": "w_0bf1bd6c76a6ea224924269a",
      "result_ref": "w_e3209d52c6a03a1d2ae7b4e0",
      "source_sha256": "730f042840633dad5f80103c1b9e8ee08d53b177c3223d3a8651d785a227fa77",
      "status": "restored_and_opened"
    },
    {
      "session": "qid_519__full_question__r1",
      "source_ref": "w_248477637c7350216b73b73d",
      "result_ref": "w_bf0624c39d9a983ee72556f4",
      "source_sha256": "d1a352ebe4fe86f5d4e86a91e3401cd716207400ab7a4cbbc497feaa71cf505f",
      "status": "restored_and_opened"
    },
    {
      "session": "qid_519__selector__r1",
      "source_ref": "w_6b667f8bbdaa5cf74ad2d113",
      "result_ref": "w_6d725d4293aa4bd369eb3efe",
      "source_sha256": "c8584743c6a12881408dd2a1b9a5bd37a4e4e0df3d3a1e00a654b5b445af5b70",
      "status": "restored_and_opened"
    },
    {
      "session": "qid_519__selector__r2",
      "source_ref": "w_6b667f8bbdaa5cf74ad2d113",
      "result_ref": "w_6d725d4293aa4bd369eb3efe",
      "source_sha256": "c8584743c6a12881408dd2a1b9a5bd37a4e4e0df3d3a1e00a654b5b445af5b70",
      "status": "restored_and_opened"
    },
    {
      "session": "qid_520__full_question__r1",
      "source_ref": "w_36aa3085986cf6d8cfece7ea",
      "result_ref": "w_3e88e8299570f6fbb48976aa",
      "source_sha256": "e388770ea96e9fa4a30db457e92393673f60a96ba330a37ddfe9a8fa2f71203f",
      "status": "restored_and_opened"
    },
    {
      "session": "qid_520__selector__r1",
      "source_ref": "w_66b9b40aa02ddea8b6a91da6",
      "result_ref": "w_a9bdcd35f18c8d35ce0f23f5",
      "source_sha256": "887f50ad6b6a6ed29fda07a701c0be227ebe1eaaaedce701e4f7b89f655c5b09",
      "status": "restored_and_opened"
    },
    {
      "session": "qid_520__selector__r2",
      "source_ref": "w_66b9b40aa02ddea8b6a91da6",
      "result_ref": "w_a9bdcd35f18c8d35ce0f23f5",
      "source_sha256": "887f50ad6b6a6ed29fda07a701c0be227ebe1eaaaedce701e4f7b89f655c5b09",
      "status": "restored_and_opened"
    },
    {
      "session": "qid_605__full_question__r1",
      "source_ref": "w_ae19e8bce4749a753919afda",
      "result_ref": "w_27e0917d00401a5f9cc3e368",
      "source_sha256": "c0fb24ab97880de936c93ecf4ade19b09eeddd7b176ef3a5252bd02ad19d4ea1",
      "status": "restored_and_opened"
    },
    {
      "session": "qid_605__selector__r1",
      "source_ref": "w_ae19e8bce4749a753919afda",
      "result_ref": "w_27e0917d00401a5f9cc3e368",
      "source_sha256": "c0fb24ab97880de936c93ecf4ade19b09eeddd7b176ef3a5252bd02ad19d4ea1",
      "status": "restored_and_opened"
    },
    {
      "session": "qid_605__selector__r2",
      "source_ref": "w_ae19e8bce4749a753919afda",
      "result_ref": "w_27e0917d00401a5f9cc3e368",
      "source_sha256": "c0fb24ab97880de936c93ecf4ade19b09eeddd7b176ef3a5252bd02ad19d4ea1",
      "status": "restored_and_opened"
    },
    {
      "session": "qid_60__full_question__r1",
      "source_ref": "w_ff5b01791070ab15960364eb",
      "result_ref": "w_7172acacf1cd9a6689ae688a",
      "source_sha256": "13a4479862ed6803c5001e067ad30682251e6a9f5f3c62009b32ccfbb3ba9752",
      "status": "restored_and_opened"
    },
    {
      "session": "qid_60__selector__r1",
      "source_ref": "w_ff5b01791070ab15960364eb",
      "result_ref": "w_7172acacf1cd9a6689ae688a",
      "source_sha256": "13a4479862ed6803c5001e067ad30682251e6a9f5f3c62009b32ccfbb3ba9752",
      "status": "restored_and_opened"
    },
    {
      "session": "qid_60__selector__r2",
      "source_ref": "w_ff5b01791070ab15960364eb",
      "result_ref": "w_7172acacf1cd9a6689ae688a",
      "source_sha256": "13a4479862ed6803c5001e067ad30682251e6a9f5f3c62009b32ccfbb3ba9752",
      "status": "restored_and_opened"
    },
    {
      "session": "qid_692__full_question__r1",
      "source_ref": "w_5a5172048e787ccdd938632a",
      "result_ref": "w_5a5172048e787ccdd938632a",
      "source_sha256": "b0f836e835916af66cf9f438ef3b7921a86461cb25b6e9d6fc9e17dfe15253d2",
      "status": "restored_and_opened"
    },
    {
      "session": "qid_692__selector__r1",
      "source_ref": "w_e5fe95c22db76a345431a843",
      "result_ref": "w_09c008985b9680b97814d773",
      "source_sha256": "eefee653af2db8a0ba5444dc33f1d659a49a366dbb0527b9c6d6c9305706cac8",
      "status": "restored_and_opened"
    },
    {
      "session": "qid_692__selector__r2",
      "source_ref": "w_e5fe95c22db76a345431a843",
      "result_ref": "w_09c008985b9680b97814d773",
      "source_sha256": "eefee653af2db8a0ba5444dc33f1d659a49a366dbb0527b9c6d6c9305706cac8",
      "status": "restored_and_opened"
    },
    {
      "session": "qid_719__full_question__r1",
      "source_ref": "w_37cdc20a7e7e1a6842340c0a",
      "result_ref": "w_af646178bd5ea3462ab2eb67",
      "source_sha256": "3ec349765eef7f7866a1a7bae30dd6de37cefe6642a36dbdac554020e2a6fdd8",
      "status": "restored_and_opened"
    },
    {
      "session": "qid_719__selector__r1",
      "source_ref": "w_37cdc20a7e7e1a6842340c0a",
      "result_ref": "w_af646178bd5ea3462ab2eb67",
      "source_sha256": "3ec349765eef7f7866a1a7bae30dd6de37cefe6642a36dbdac554020e2a6fdd8",
      "status": "restored_and_opened"
    },
    {
      "session": "qid_719__selector__r2",
      "source_ref": "w_37cdc20a7e7e1a6842340c0a",
      "result_ref": "w_af646178bd5ea3462ab2eb67",
      "source_sha256": "3ec349765eef7f7866a1a7bae30dd6de37cefe6642a36dbdac554020e2a6fdd8",
      "status": "restored_and_opened"
    },
    {
      "session": "qid_71__full_question__r1",
      "source_ref": "w_749cc1ac1e2092e3b083211f",
      "result_ref": "w_749cc1ac1e2092e3b083211f",
      "source_sha256": "216b7af129f0337eaa660e58c742a15c6b3247b181091cd034f12da3d2b911f8",
      "status": "restored_and_opened"
    },
    {
      "session": "qid_71__selector__r1",
      "source_ref": "w_366c4ff3e940d875ea8ed813",
      "result_ref": "w_13a67b480254e5df60ecb3a6",
      "source_sha256": "843257f396e0c620e3c15d48068c533f57ab5eb9ed2c7bcf8c01334b61bb0fde",
      "status": "restored_and_opened"
    },
    {
      "session": "qid_71__selector__r2",
      "source_ref": "w_366c4ff3e940d875ea8ed813",
      "result_ref": "w_13a67b480254e5df60ecb3a6",
      "source_sha256": "843257f396e0c620e3c15d48068c533f57ab5eb9ed2c7bcf8c01334b61bb0fde",
      "status": "restored_and_opened"
    },
    {
      "session": "qid_760__full_question__r1",
      "source_ref": "w_14bf0313889656fefdfe0885",
      "result_ref": "w_bd48e6168a3dc8da6a05f53b",
      "source_sha256": "9621b6c8b08ecec840418171c3df0bf704a8d5d2bc2bb6c4949bd1032ba604a6",
      "status": "restored_and_opened"
    },
    {
      "session": "qid_760__selector__r1",
      "source_ref": "w_14bf0313889656fefdfe0885",
      "result_ref": "w_bd48e6168a3dc8da6a05f53b",
      "source_sha256": "9621b6c8b08ecec840418171c3df0bf704a8d5d2bc2bb6c4949bd1032ba604a6",
      "status": "restored_and_opened"
    },
    {
      "session": "qid_760__selector__r2",
      "source_ref": "w_da9db0e13f008c7066a02296",
      "result_ref": "w_4f90c92e7e2791858b166c53",
      "source_sha256": "aa8c8dc30ea0bacb2be3d019df31d5802f11c9cd265ee199ad141ec836ceec89",
      "status": "restored_and_opened"
    },
    {
      "session": "qid_854__full_question__r1",
      "source_ref": "w_c65faa091ed53103a4dab20c",
      "result_ref": "w_4d73b5f429f695f66d74de9a",
      "source_sha256": "81d8eccb64fe0df54b8d54b855812281ece8e0ca6350eed87742f77b4f2eda1e",
      "status": "restored_and_opened"
    },
    {
      "session": "qid_854__selector__r1",
      "source_ref": "w_90eb5c5f6ef534d6650caf02",
      "result_ref": "w_50cff7d0249551a6f0ae12ef",
      "source_sha256": "10297706ae0ed973bf46224d1a13f631ac4a52f3b782c19536f85ef7e647f754",
      "status": "restored_and_opened"
    },
    {
      "session": "qid_854__selector__r2",
      "source_ref": "w_90eb5c5f6ef534d6650caf02",
      "result_ref": "w_50cff7d0249551a6f0ae12ef",
      "source_sha256": "10297706ae0ed973bf46224d1a13f631ac4a52f3b782c19536f85ef7e647f754",
      "status": "restored_and_opened"
    },
    {
      "session": "qid_978__full_question__r1",
      "source_ref": "w_3fd3d0d2a3e298ca75857adf",
      "result_ref": "w_b4fa07f29dc96d6403154f39",
      "source_sha256": "0f2e55424b1f750580fa7ea27bc729903c1b65b64d0ad6310574330245adad0b",
      "status": "restored_and_opened"
    },
    {
      "session": "qid_978__selector__r1",
      "source_ref": "w_3ae39b44f8b337ab5f72c8d8",
      "result_ref": "w_b4fa07f29dc96d6403154f39",
      "source_sha256": "0f2e55424b1f750580fa7ea27bc729903c1b65b64d0ad6310574330245adad0b",
      "status": "restored_and_opened"
    },
    {
      "session": "qid_978__selector__r2",
      "source_ref": "w_c1ab7fcfa597fcac194c3395",
      "result_ref": "w_b4fa07f29dc96d6403154f39",
      "source_sha256": "0f2e55424b1f750580fa7ea27bc729903c1b65b64d0ad6310574330245adad0b",
      "status": "restored_and_opened"
    }
  ],
  "api_requests": 0,
  "method": "Separate process, temporary ledger copies, Open around on first result; archived ledgers unchanged."
}
