{
  "prepared": "/tmp/esr-atria4096-prepared-20260920",
  "checkpoints": [
    {
      "checkpoint_id": "qid_546_s29",
      "file": "checkpoints/qid_546_s29.json",
      "checkpoint_sha256": "d6133c5f561036cf6cb99a4c4b8980910053ae94064af1e7a6426594fa53dd42"
    },
    {
      "checkpoint_id": "qid_776_s53",
      "file": "checkpoints/qid_776_s53.json",
      "checkpoint_sha256": "265ef6a5be7cdff0529a3a573bc39028aa210cab74feb4c2643e0b7f4d89698a"
    },
    {
      "checkpoint_id": "qid_517_s21",
      "file": "checkpoints/qid_517_s21.json",
      "checkpoint_sha256": "3e49e01b3bd4d88cbecc36085214d2954db70e13446a1cb29e64127ebcd34078"
    }
  ]
}
