/home/ubuntu/anaconda3/lib/python3.12/site-packages/sklearn/utils/_param_validation.py:14: UserWarning: A NumPy version >=1.22.4 and <2.3.0 is required for this version of SciPy (detected version 2.5.2)
  from scipy.sparse import csr_matrix, issparse
OUTPUT_DIR=/data/WSH/Search-ESR/experiments/query_initialization/single_entry/runs/20260918T072839.341275Z
[1] api_request 
[1] api_request 
[1] api_request 
[1] api_request 
[2] api_response 
[3] plan_finalized 
[4] search_start 
[2] api_response 
[3] plan_finalized 
[4] search_start 
[2] api_response 
[3] plan_finalized 
[4] search_start 
[2] api_response 
[3] plan_finalized 
[4] search_start 
Loading weights:   0%|          | 0/398 [00:00<?, ?it/s]Loading weights:  14%|█▍        | 56/398 [00:00<00:00, 554.58it/s]Loading weights:  34%|███▍      | 135/398 [00:00<00:00, 659.93it/s]Loading weights:  53%|█████▎    | 212/398 [00:00<00:00, 691.13it/s]Loading weights:  73%|███████▎  | 289/398 [00:00<00:00, 702.86it/s]Loading weights:  90%|█████████ | 360/398 [00:00<00:00, 570.76it/s]Loading weights: 100%|██████████| 398/398 [00:00<00:00, 609.19it/s]
[5] search_result 
DONE qid_556__minimal__r1 complete
[1] api_request 
[5] search_result 
DONE qid_416__entry_v1__r2 complete
[5] search_result 
DONE qid_314__entry_v1__r1 complete
[5] search_result 
DONE qid_950__entry_v1__r2 complete
[1] api_request 
[2] api_response 
[3] plan_finalized 
[4] search_start 
[1] api_request 
[1] api_request 
[5] search_result 
DONE qid_568__minimal__r2 complete
[2] api_response 
[3] plan_finalized 
[4] search_start 
[2] api_response 
[3] plan_finalized 
[4] search_start 
[2] api_response 
[3] plan_finalized 
[4] search_start 
[5] search_result 
DONE qid_81__entry_v1__r1 complete
[5] search_result 
DONE qid_1172__entry_v1__r2 complete
[1] api_request 
[1] api_request 
[5] search_result 
DONE qid_67__minimal__r2 complete
[1] api_request 
[1] api_request 
[2] api_response 
[3] plan_finalized 
[4] search_start 
[2] api_response 
[3] plan_finalized 
[4] search_start 
[5] search_result 
DONE qid_499__entry_v1__r1 complete
[2] api_response 
[3] plan_finalized 
[4] search_start 
[2] api_response 
[3] plan_finalized 
[4] search_start 
[1] api_request 
[5] search_result 
DONE qid_116__minimal__r1 complete
[5] search_result 
DONE qid_556__minimal__r2 complete
[5] search_result 
DONE qid_319__entry_v1__r1 complete
[2] api_response 
[3] plan_finalized 
[4] search_start 
[1] api_request 
[1] api_request 
[1] api_request 
[2] api_response 
[3] plan_finalized 
[4] search_start 
[5] search_result 
DONE qid_1196__entry_v1__r2 complete
[2] api_response 
[3] plan_finalized 
[4] search_start 
[5] search_result 
DONE qid_1172__entry_v1__r1 complete
[1] api_request 
[2] api_response 
[3] plan_finalized 
[4] search_start 
[1] api_request 
[5] search_result 
DONE qid_598__minimal__r1 complete
[5] search_result 
DONE qid_556__entry_v1__r2 complete
[2] api_response 
[3] plan_finalized 
[4] search_start 
[2] api_response 
[3] plan_finalized 
[4] search_start 
[1] api_request 
[1] api_request 
[5] search_result 
DONE qid_1172__minimal__r1 complete
[1] api_request 
[2] api_response 
[3] plan_finalized 
[4] search_start 
[5] search_result 
DONE qid_416__minimal__r1 complete
[2] api_response 
[3] plan_finalized 
[4] search_start 
[1] api_request 
[2] api_response 
[3] plan_finalized 
[4] search_start 
[5] search_result 
DONE qid_416__minimal__r2 complete
[5] search_result 
DONE qid_499__entry_v1__r2 complete
[1] api_request 
[2] api_response 
[3] plan_finalized 
[4] search_start 
[5] search_result 
DONE qid_950__minimal__r1 complete
[1] api_request 
[5] search_result 
DONE qid_499__minimal__r2 complete
[2] api_response 
[3] plan_finalized 
[4] search_start 
[1] api_request 
[1] api_request 
[2] api_response 
[3] plan_finalized 
[4] search_start 
[2] api_response 
[3] plan_finalized 
[4] search_start 
[5] search_result 
DONE qid_1201__entry_v1__r2 complete
[2] api_response 
[3] plan_finalized 
[4] search_start 
[5] search_result 
DONE qid_265__minimal__r2 complete
[1] api_request 
[5] search_result 
DONE qid_568__entry_v1__r1 complete
[1] api_request 
[5] search_result 
DONE qid_1201__minimal__r1 complete
[1] api_request 
[1] api_request 
[2] api_response 
[3] plan_finalized 
[4] search_start 
[2] api_response 
[3] plan_finalized 
[4] search_start 
[2] api_response 
[3] plan_finalized 
[4] search_start 
[5] search_result 
DONE qid_1196__minimal__r2 complete
[5] search_result 
DONE qid_119__entry_v1__r2 complete
[5] search_result 
DONE qid_1201__entry_v1__r1 complete
[2] api_response 
[3] plan_finalized 
[4] search_start 
[1] api_request 
[1] api_request 
[1] api_request 
[2] api_response 
[3] plan_finalized 
[4] search_start 
[5] search_result 
DONE qid_67__entry_v1__r2 complete
[1] api_request 
[2] api_response 
[3] plan_finalized 
[4] search_start 
[2] api_response 
[3] plan_finalized 
[4] search_start 
[2] api_response 
[3] plan_finalized 
[4] search_start 
[5] search_result 
DONE qid_67__entry_v1__r1 complete
[5] search_result 
DONE qid_611__entry_v1__r1 complete
[5] search_result 
DONE qid_81__entry_v1__r2 complete
[1] api_request 
[1] api_request 
[5] search_result 
DONE qid_81__minimal__r2 complete
[1] api_request 
[1] api_request 
[2] api_response 
[3] plan_finalized 
[4] search_start 
[2] api_response 
[3] plan_finalized 
[4] search_start 
[2] api_response 
[3] plan_finalized 
[4] search_start 
[2] api_response 
[3] plan_finalized 
[4] search_start 
[5] search_result 
DONE qid_598__entry_v1__r1 complete
[1] api_request 
[5] search_result 
DONE qid_314__minimal__r1 complete
[5] search_result 
DONE qid_67__minimal__r1 complete
[5] search_result 
DONE qid_650__minimal__r1 complete
[2] api_response 
[3] plan_finalized 
[4] search_start 
[1] api_request 
[1] api_request 
[1] api_request 
[5] search_result 
DONE qid_568__entry_v1__r2 complete
[1] api_request 
[2] api_response 
[3] plan_finalized 
[4] search_start 
[2] api_response 
[3] plan_finalized 
[4] search_start 
[5] search_result 
DONE qid_319__minimal__r2 complete
[2] api_response 
[3] plan_finalized 
[4] search_start 
[5] search_result 
DONE qid_127__minimal__r2 complete
[2] api_response 
[3] plan_finalized 
[4] search_start 
[5] search_result 
DONE qid_116__entry_v1__r1 complete
[5] search_result 
DONE qid_314__entry_v1__r2 complete
[1] api_request 
[1] api_request 
[1] api_request 
[1] api_request 
[2] api_response 
[3] plan_finalized 
[4] search_start 
[5] search_result 
DONE qid_265__entry_v1__r1 complete
[2] api_response 
[3] plan_finalized 
[4] search_start 
[2] api_response 
[3] plan_finalized 
[4] search_start 
[2] api_response 
[3] plan_finalized 
[4] search_start 
[1] api_request 
[5] search_result 
DONE qid_650__minimal__r2 complete
[2] api_response 
[3] plan_finalized 
[4] search_start 
[5] search_result 
DONE qid_119__entry_v1__r1 complete
[5] search_result 
DONE qid_611__entry_v1__r2 complete
[1] api_request 
[5] search_result 
DONE qid_1196__entry_v1__r1 complete
[1] api_request 
[1] api_request 
[1] api_request 
[2] api_response 
[3] plan_finalized 
[4] search_start 
[5] search_result 
DONE qid_694__minimal__r1 complete
[2] api_response 
[3] plan_finalized 
[4] search_start 
[1] api_request 
[2] api_response 
[3] plan_finalized 
[4] search_start 
[5] search_result 
DONE qid_598__minimal__r2 complete
[2] api_response 
[3] plan_finalized 
[4] search_start 
[5] search_result 
DONE qid_1201__minimal__r2 complete
[1] api_request 
[2] api_response 
[3] plan_finalized 
[4] search_start 
[1] api_request 
[5] search_result 
DONE qid_116__entry_v1__r2 complete
[1] api_request 
[2] api_response 
[3] plan_finalized 
[4] search_start 
[2] api_response 
[3] plan_finalized 
[4] search_start 
[5] search_result 
DONE qid_1196__minimal__r1 complete
[1] api_request 
[2] api_response 
[3] plan_finalized 
[4] search_start 
[5] search_result 
DONE qid_127__entry_v1__r1 complete
[5] search_result 
DONE qid_950__entry_v1__r1 complete
[5] search_result 
DONE qid_694__minimal__r2 complete
[1] api_request 
[1] api_request 
[2] api_response 
[3] plan_finalized 
[4] search_start 
[1] api_request 
[5] search_result 
DONE qid_650__entry_v1__r2 complete
[2] api_response 
[3] plan_finalized 
[4] search_start 
[2] api_response 
[3] plan_finalized 
[4] search_start 
[1] api_request 
[5] search_result 
DONE qid_265__minimal__r1 complete
[2] api_response 
[3] plan_finalized 
[4] search_start 
[1] api_request 
[5] search_result 
DONE qid_319__entry_v1__r2 complete
[2] api_response 
[3] plan_finalized 
[4] search_start 
[5] search_result 
DONE qid_119__minimal__r2 complete
[1] api_request 
[5] search_result 
DONE qid_265__entry_v1__r2 complete
[1] api_request 
[2] api_response 
[3] plan_finalized 
[4] search_start 
[1] api_request 
[2] api_response 
[3] plan_finalized 
[4] search_start 
[5] search_result 
DONE qid_116__minimal__r2 complete
[2] api_response 
[3] plan_finalized 
[4] search_start 
[5] search_result 
DONE qid_127__minimal__r1 complete
[1] api_request 
[2] api_response 
[3] plan_finalized 
[4] search_start 
[5] search_result 
DONE qid_319__minimal__r1 complete
[1] api_request 
[1] api_request 
[5] search_result 
DONE qid_127__entry_v1__r2 complete
[2] api_response 
[3] plan_finalized 
[4] search_start 
[2] api_response 
[3] plan_finalized 
[4] search_start 
[1] api_request 
[5] search_result 
DONE qid_499__minimal__r1 complete
[5] search_result 
DONE qid_556__entry_v1__r1 complete
[2] api_response 
[3] plan_finalized 
[4] search_start 
[1] api_request 
[2] api_response 
[3] plan_finalized 
[4] search_start 
[5] search_result 
DONE qid_1172__minimal__r2 complete
[1] api_request 
[1] api_request 
[2] api_response 
[3] plan_finalized 
[4] search_start 
[5] search_result 
DONE qid_314__minimal__r2 complete
[1] api_request 
[2] api_response 
[3] plan_finalized 
[4] search_start 
[5] search_result 
DONE qid_950__minimal__r2 complete
[2] api_response 
[3] plan_finalized 
[4] search_start 
[5] search_result 
DONE qid_694__entry_v1__r1 complete
[1] api_request 
[1] api_request 
[2] api_response 
[3] plan_finalized 
[4] search_start 
[5] search_result 
DONE qid_416__entry_v1__r1 complete
[5] search_result 
DONE qid_611__minimal__r1 complete
[2] api_response 
[3] plan_finalized 
[4] search_start 
[1] api_request 
[1] api_request 
[2] api_response 
[3] plan_finalized 
[4] search_start 
[5] search_result 
DONE qid_568__minimal__r1 complete
[5] search_result 
DONE qid_650__entry_v1__r1 complete
[1] api_request 
[2] api_response 
[3] plan_finalized 
[4] search_start 
[1] api_request 
[2] api_response 
[3] plan_finalized 
[4] search_start 
[5] search_result 
DONE qid_611__minimal__r2 complete
[2] api_response 
[3] plan_finalized 
[4] search_start 
[5] search_result 
DONE qid_119__minimal__r1 complete
[1] api_request 
[2] api_response 
[3] plan_finalized 
[4] search_start 
[2] api_response 
[3] plan_finalized 
[4] search_start 
[5] search_result 
DONE qid_81__minimal__r1 complete
[5] search_result 
[5] search_result 
DONE qid_598__entry_v1__r2 complete
DONE qid_694__entry_v1__r2 complete
FINISHED /data/WSH/Search-ESR/experiments/query_initialization/single_entry/runs/20260918T072839.341275Z
