Loading weights:   0%|          | 0/398 [00:00<?, ?it/s]Loading weights:  17%|█▋        | 69/398 [00:00<00:00, 687.49it/s]Loading weights:  39%|███▉      | 155/398 [00:00<00:00, 758.66it/s]Loading weights:  59%|█████▉    | 234/398 [00:00<00:00, 767.60it/s]Loading weights:  78%|███████▊  | 312/398 [00:00<00:00, 771.76it/s]Loading weights: 100%|██████████| 398/398 [00:00<00:00, 783.90it/s]
1 actor_1 stop JSON
2 actor_1 stop JSON
TOOL F03 1 search 5 None
TOOL F07 1 search 5 None
3 writer_1_1 stop JSON
4 actor_1 stop JSON
TOOL F01 1 search 5 None
5 writer_1_1 stop JSON
6 actor_1 stop JSON
7 actor_1 stop JSON
TOOL F05 1 search 5 None
TOOL F02 1 search 5 None
8 actor_1 stop {'category': 'schema', 'type': 'JSONDecodeError', 'message': 'Expecting value: line 1 column 64 (char 63)'}
ACQUIRED F06 827 actor_failure states 1
9 writer_1_1 stop JSON
10 writer_1_1 stop JSON
11 writer_1_2 stop JSON
12 writer_1_1 stop JSON
13 writer_1_3 stop JSON
14 actor_1 stop JSON
15 writer_1_2 stop JSON
TOOL F04 1 search 5 None
16 writer_1_3 stop JSON
17 writer_1_4 stop JSON
18 writer_1_5 stop JSON
19 writer_1_2 stop JSON
20 writer_1_2 stop JSON
21 writer_1_4 stop JSON
22 actor_1 stop JSON
23 writer_1_3 stop JSON
TOOL F08 1 search 5 None
24 writer_1_2 stop JSON
25 writer_1_3 stop JSON
26 writer_1_3 stop JSON
27 writer_1_4 stop JSON
28 writer_1_4 stop JSON
29 writer_1_5 stop JSON
30 writer_1_5 stop JSON
31 actor_2 stop JSON
TOOL F07 2 search 5 None
32 actor_1 stop JSON
TOOL F09 1 search 5 None
33 writer_1_1 stop JSON
34 writer_1_2 stop JSON
35 writer_2_1 stop JSON
36 writer_1_1 stop JSON
37 writer_2_2 stop JSON
38 writer_1_2 stop JSON
39 writer_1_3 stop JSON
40 actor_2 stop JSON
41 writer_1_4 stop JSON
42 writer_1_5 stop JSON
43 writer_1_4 stop JSON
44 writer_2_3 stop JSON
[transformers] Token indices sequence length is longer than the specified maximum sequence length for this model (251474 > 131072). Running this sequence through the model will result in indexing errors
45 writer_1_3 stop JSON
46 actor_2 stop JSON
TOOL F05 2 open 1 None
47 writer_2_4 stop JSON
TOOL F02 2 search 5 None
48 writer_2_1 stop JSON
49 writer_1_4 stop JSON
50 writer_1_1 stop JSON
51 writer_2_2 stop JSON
52 writer_2_3 stop JSON
53 writer_1_5 stop JSON
54 actor_2 stop JSON
TOOL F03 2 search 5 None
55 writer_2_1 stop JSON
56 writer_1_2 stop JSON
57 writer_1_5 stop JSON
58 writer_2_5 stop JSON
59 writer_2_1 stop JSON
60 writer_2_2 stop JSON
61 writer_1_5 stop JSON
62 actor_3 stop JSON
TOOL F07 3 find 1 None
63 writer_2_4 stop JSON
64 writer_2_5 stop JSON
65 writer_3_1 stop JSON
ACQUIRED F07 261 budget_exhausted states 4
66 writer_2_3 stop JSON
67 writer_2_4 stop JSON
68 actor_1 stop JSON
69 actor_3 stop JSON
TOOL F10 1 search 5 None
TOOL F05 3 search 5 None
70 writer_2_5 stop JSON
71 actor_2 stop JSON
TOOL F04 2 search 5 None
72 actor_3 stop JSON
TOOL F03 3 search 5 None
73 writer_2_1 stop JSON
74 writer_1_1 stop JSON
75 writer_2_2 stop JSON
76 writer_2_3 stop JSON
77 writer_2_4 stop JSON
78 writer_3_1 stop JSON
79 writer_3_1 stop JSON
80 writer_1_3 stop JSON
81 actor_3 stop JSON
TOOL F02 3 open 1 None
82 writer_3_2 stop JSON
83 writer_2_5 stop JSON
84 writer_3_3 stop JSON
85 writer_3_4 stop JSON
86 writer_3_5 stop JSON
ACQUIRED F05 264 budget_exhausted states 3
87 writer_1_2 stop JSON
88 writer_1_3 stop JSON
89 writer_1_4 stop JSON
90 writer_1_5 stop JSON
91 actor_2 stop JSON
TOOL F01 2 search 5 None
92 actor_2 stop JSON
TOOL F10 2 search 5 None
93 writer_1_4 stop JSON
94 writer_2_1 stop JSON
95 actor_1 stop JSON
TOOL F11 1 search 5 None
96 writer_1_1 stop JSON
97 writer_2_2 stop JSON
98 writer_1_5 stop JSON
99 writer_1_2 stop JSON
100 writer_2_1 stop JSON
101 writer_1_3 stop JSON
102 actor_2 stop JSON
103 writer_3_2 stop JSON
TOOL F09 2 search 5 None
104 writer_1_4 stop JSON
105 writer_2_3 stop JSON
106 writer_2_2 stop JSON
107 writer_2_4 stop JSON
108 writer_2_3 stop JSON
109 writer_2_5 stop JSON
110 actor_3 stop JSON
TOOL F04 3 search 5 None
111 writer_2_4 stop JSON
112 actor_3 stop JSON
ACQUIRED F10 971 actor_stop states 3
113 writer_3_1 stop JSON
114 actor_1 stop JSON
TOOL F12 1 search 5 None
115 writer_2_5 stop JSON
116 writer_1_1 stop JSON
117 writer_2_1 stop JSON
118 actor_2 stop JSON
119 writer_1_5 stop JSON
TOOL F08 2 search 5 None
120 writer_2_1 stop JSON
121 writer_1_2 stop JSON
122 writer_3_1 stop JSON
ACQUIRED F02 673 budget_exhausted states 3
123 writer_3_3 stop JSON
124 writer_2_2 stop JSON
125 writer_1_3 stop JSON
126 actor_1 stop JSON
TOOL F13 1 search 5 None
127 writer_1_4 stop JSON
128 writer_1_5 stop JSON
129 writer_3_4 stop JSON
130 writer_1_1 stop JSON
131 writer_2_3 stop JSON
132 writer_2_4 stop JSON
133 actor_2 stop JSON
TOOL F11 2 search 5 None
134 writer_2_1 stop JSON
135 writer_2_5 stop JSON
136 writer_1_2 stop JSON
137 writer_2_2 stop JSON
138 writer_1_3 stop JSON
139 writer_2_2 stop JSON
140 writer_2_3 stop JSON
141 writer_3_5 stop JSON
ACQUIRED F03 601 budget_exhausted states 7
142 actor_3 stop JSON
ACQUIRED F09 169 actor_stop states 4
143 actor_2 stop JSON
TOOL F12 2 search 5 None
144 writer_3_2 stop JSON
145 writer_3_3 stop JSON
146 writer_1_4 stop JSON
147 writer_2_1 stop JSON
148 actor_1 stop JSON
TOOL F15 1 search 5 None
149 writer_2_4 stop JSON
150 writer_2_5 stop JSON
151 actor_1 stop JSON
TOOL F14 1 search 5 None
152 writer_3_4 stop JSON
153 writer_2_2 stop JSON
154 writer_2_3 stop JSON
155 writer_3_5 stop JSON
ACQUIRED F04 633 budget_exhausted states 4
156 writer_2_4 stop JSON
157 writer_1_5 stop JSON
158 writer_2_5 stop JSON
159 actor_1 stop JSON
TOOL F16 1 search 5 None
160 actor_2 stop JSON
TOOL F13 2 search 5 None
161 writer_1_1 stop JSON
162 writer_1_1 stop JSON
163 writer_1_2 stop JSON
164 writer_1_2 stop JSON
165 writer_2_3 stop JSON
166 writer_1_3 stop JSON
167 writer_1_3 stop JSON
168 writer_2_4 stop JSON
169 writer_1_4 stop JSON
170 writer_1_5 stop JSON
171 writer_1_1 stop JSON
172 actor_2 stop JSON
TOOL F14 2 search 5 None
173 writer_2_1 stop JSON
174 writer_1_2 stop JSON
175 writer_2_2 stop JSON
176 actor_3 stop JSON
177 writer_1_3 stop JSON
178 actor_3 stop JSON
TOOL F01 3 search 5 None
179 writer_2_5 stop JSON
180 writer_1_4 stop JSON
181 writer_3_1 stop JSON
182 writer_1_5 stop JSON
183 writer_1_4 stop JSON
184 writer_3_2 stop JSON
185 writer_3_3 stop JSON
186 actor_2 stop JSON
TOOL F15 2 search 5 None
[transformers] Token indices sequence length is longer than the specified maximum sequence length for this model (714373 > 131072). Running this sequence through the model will result in indexing errors
187 writer_1_5 stop JSON
188 writer_3_4 stop JSON
189 writer_2_3 stop JSON
TOOL F11 3 search 5 None
190 writer_3_5 stop JSON
ACQUIRED F01 1149 budget_exhausted states 1
191 writer_2_4 stop JSON
192 writer_3_1 stop JSON
193 writer_3_2 stop JSON
194 writer_2_1 stop JSON
195 writer_3_3 stop JSON
196 writer_3_4 stop JSON
197 writer_2_5 stop JSON
198 writer_3_5 stop JSON
ACQUIRED F11 538 budget_exhausted states 2
199 writer_2_1 stop JSON
200 actor_3 stop JSON
ACQUIRED F13 637 actor_stop states 7
201 writer_2_2 stop JSON
202 writer_2_3 stop JSON
203 actor_2 stop JSON
204 writer_2_4 stop JSON
TOOL F16 2 search 5 None
205 writer_2_5 stop JSON
206 writer_2_1 stop JSON
207 writer_2_2 stop JSON
208 writer_2_3 stop JSON
209 writer_2_4 stop JSON
210 writer_2_5 stop JSON
211 writer_2_2 stop JSON
212 actor_3 stop JSON
ACQUIRED F15 1259 actor_stop states 3
213 actor_3 stop JSON
TOOL F16 3 find 1 None
214 writer_2_3 stop JSON
215 writer_3_1 stop JSON
ACQUIRED F16 922 budget_exhausted states 3
216 writer_2_4 stop JSON
217 writer_2_5 stop JSON
218 actor_3 stop JSON
TOOL F14 3 find 1 None
219 writer_3_1 stop JSON
ACQUIRED F14 843 budget_exhausted states 7
220 actor_3 stop JSON
TOOL F08 3 search 5 None
221 writer_3_1 stop JSON
222 writer_3_2 stop JSON
223 writer_3_3 stop JSON
224 writer_3_4 stop JSON
225 writer_3_5 stop JSON
ACQUIRED F08 228 budget_exhausted states 4
226 actor_3 stop JSON
TOOL F12 3 search 5 None
227 writer_3_1 stop JSON
228 writer_3_2 stop JSON
229 writer_3_3 stop JSON
230 writer_3_4 stop JSON
231 writer_3_5 stop JSON
ACQUIRED F12 122 budget_exhausted states 1
