/home/ubuntu/anaconda3/lib/python3.12/site-packages/sklearn/utils/_param_validation.py:14: UserWarning: A NumPy version >=1.22.4 and <2.3.0 is required for this version of SciPy (detected version 2.5.2)
  from scipy.sparse import csr_matrix, issparse
OUTPUT_DIR=/data/WSH/Search-ESR/experiments/query_initialization/runs/20260918T053659.834656Z
[1] api_request 
[1] api_request 
[1] api_request 
[1] api_request 
[2] api_response 
[3] api_request 
[2] api_response 
[3] plan_finalized 
[4] search_start 
[4] api_response 
[5] plan_finalized 
[6] search_start 
[2] api_response 
[3] plan_finalized 
[4] search_start 
Loading weights:   0%|          | 0/398 [00:00<?, ?it/s]Loading weights:  17%|█▋        | 66/398 [00:00<00:00, 658.90it/s]Loading weights:  36%|███▌      | 143/398 [00:00<00:00, 715.95it/s]Loading weights:  54%|█████▍    | 215/398 [00:00<00:00, 708.84it/s]Loading weights:  73%|███████▎  | 289/398 [00:00<00:00, 700.84it/s]Loading weights:  92%|█████████▏| 366/398 [00:00<00:00, 716.88it/s]Loading weights: 100%|██████████| 398/398 [00:00<00:00, 713.03it/s]
[5] search_result 
[6] search_start 
[5] search_result 
[7] search_result 
DONE 591 A 1 complete
DONE 810 B 2 complete
[7] search_result 
DONE 1209 C 1 complete
[1] api_request 
[1] api_request 
[1] api_request 
[2] api_response 
[3] plan_finalized 
[4] search_start 
[5] search_result 
DONE 1072 B 2 complete
[1] api_request 
[2] api_response 
[3] plan_finalized 
DONE 810 A 2 no_search
[1] api_request 
[2] api_response 
[3] plan_finalized 
[4] search_start 
[5] search_result 
DONE 561 A 2 complete
[1] api_request 
[2] api_response 
[3] plan_finalized 
[4] search_start 
[5] search_result 
[6] search_start 
[7] search_result 
DONE 583 C 1 complete
[2] api_response 
DONE 433 A 2 error
[1] api_request 
[1] api_request 
[2] api_response 
[3] plan_finalized 
[4] search_start 
[5] search_result 
[6] search_start 
[7] search_result 
DONE 433 C 2 complete
[2] api_response 
[3] plan_finalized 
[4] search_start 
[1] api_request 
[2] api_response 
[3] plan_finalized 
[4] search_start 
[5] search_result 
DONE 786 B 2 complete
[1] api_request 
[5] search_result 
[6] search_start 
[7] search_result 
DONE 786 C 1 complete
[1] api_request 
[2] api_response 
[3] plan_finalized 
[4] search_start 
[5] search_result 
DONE 638 A 2 complete
[1] api_request 
[2] api_response 
[3] api_request 
[4] api_response 
[5] plan_finalized 
[6] search_start 
[7] search_result 
[8] search_start 
[9] search_result 
DONE 478 C 1 complete
[1] api_request 
[2] api_response 
[3] plan_finalized 
[4] search_start 
[2] api_response 
[3] plan_finalized 
[4] search_start 
[2] api_response 
[3] api_request 
[5] search_result 
DONE 757 A 2 complete
[5] search_result 
DONE 583 A 2 complete
[1] api_request 
[1] api_request 
[2] api_response 
[3] plan_finalized 
[4] search_start 
[4] api_response 
[5] plan_finalized 
[6] search_start 
[5] search_result 
DONE 433 A 1 complete
[1] api_request 
[7] search_result 
DONE 985 B 2 complete
[2] api_response 
[3] plan_finalized 
[4] search_start 
[1] api_request 
[5] search_result 
DONE 757 B 1 complete
[2] api_response 
[3] plan_finalized 
[4] search_start 
[1] api_request 
[5] search_result 
[6] search_start 
[2] api_response 
[3] plan_finalized 
[4] search_start 
[7] search_result 
DONE 23 C 1 complete
[2] api_response 
[3] plan_finalized 
[4] search_start 
[1] api_request 
[5] search_result 
DONE 786 B 1 complete
[1] api_request 
[5] search_result 
[6] search_start 
[2] api_response 
[3] api_request 
[7] search_result 
DONE 867 C 2 complete
[1] api_request 
[4] api_response 
[5] plan_finalized 
[6] search_start 
[7] search_result 
DONE 638 B 2 complete
[2] api_response 
[3] plan_finalized 
[4] search_start 
[2] api_response 
[3] plan_finalized 
[4] search_start 
[1] api_request 
[5] search_result 
[6] search_start 
[2] api_response 
[3] plan_finalized 
[4] search_start 
[5] search_result 
[6] search_start 
[7] search_result 
DONE 1072 C 1 complete
[7] search_result 
DONE 285 C 1 complete
[2] api_response 
[3] plan_finalized 
[4] search_start 
[1] api_request 
[5] search_result 
DONE 867 B 2 complete
[1] api_request 
[5] search_result 
DONE 506 B 2 complete
[1] api_request 
[1] api_request 
[2] api_response 
[3] plan_finalized 
[4] search_start 
[5] search_result 
DONE 561 B 1 complete
[1] api_request 
[2] api_response 
[3] plan_finalized 
[4] search_start 
[5] search_result 
DONE 583 A 1 complete
[1] api_request 
[2] api_response 
[3] plan_finalized 
[4] search_start 
[5] search_result 
[6] search_start 
[7] search_result 
DONE 638 C 1 complete
[1] api_request 
[2] api_response 
[3] plan_finalized 
[4] search_start 
[2] api_response 
[3] plan_finalized 
[4] search_start 
[5] search_result 
DONE 23 B 1 complete
[1] api_request 
[5] search_result 
[6] search_start 
[7] search_result 
DONE 558 C 2 complete
[1] api_request 
[2] api_response 
[3] plan_finalized 
[4] search_start 
[5] search_result 
[6] search_start 
[7] search_result 
DONE 433 C 1 complete
[1] api_request 
[2] api_response 
[3] plan_finalized 
[4] search_start 
[5] search_result 
DONE 985 A 2 complete
[1] api_request 
[2] api_response 
[3] plan_finalized 
[4] search_start 
[5] search_result 
[6] search_start 
[2] api_response 
[3] plan_finalized 
[4] search_start 
[5] search_result 
[6] search_start 
[7] search_result 
DONE 638 C 2 complete
[7] search_result 
DONE 558 C 1 complete
[2] api_response 
[3] plan_finalized 
[4] search_start 
[1] api_request 
[1] api_request 
[5] search_result 
DONE 786 A 2 complete
[1] api_request 
[2] api_response 
[3] plan_finalized 
[4] search_start 
[2] api_response 
[3] plan_finalized 
[4] search_start 
[5] search_result 
[6] search_start 
[5] search_result 
DONE 1209 A 2 complete
[7] search_result 
DONE 561 C 1 complete
[1] api_request 
[1] api_request 
[2] api_response 
[3] api_request 
[2] api_response 
[3] plan_finalized 
[4] search_start 
[2] api_response 
[3] plan_finalized 
[4] search_start 
[5] search_result 
DONE 591 A 2 complete
[2] api_response 
[3] plan_finalized 
[4] search_start 
[1] api_request 
[5] search_result 
DONE 558 B 1 complete
[1] api_request 
[5] search_result 
DONE 638 A 1 complete
[4] api_response 
[5] plan_finalized 
DONE 1117 C 1 invalid
[1] api_request 
[1] api_request 
[2] api_response 
[3] plan_finalized 
[4] search_start 
[5] search_result 
[6] search_start 
[7] search_result 
DONE 551 C 2 complete
[1] api_request 
[2] api_response 
[3] plan_finalized 
[4] search_start 
[5] search_result 
[6] search_start 
[2] api_response 
[3] plan_finalized 
[4] search_start 
[7] search_result 
DONE 551 C 1 complete
[1] api_request 
[5] search_result 
DONE 1117 B 1 complete
[1] api_request 
[2] api_response 
[3] plan_finalized 
[4] search_start 
[2] api_response 
[3] plan_finalized 
[4] search_start 
[5] search_result 
DONE 551 A 2 complete
[1] api_request 
[5] search_result 
DONE 867 B 1 complete
[1] api_request 
[2] api_response 
[3] plan_finalized 
[4] search_start 
[2] api_response 
[3] plan_finalized 
[4] search_start 
[2] api_response 
[3] plan_finalized 
[4] search_start 
[5] search_result 
DONE 478 B 1 complete
[1] api_request 
[5] search_result 
DONE 558 A 1 complete
[5] search_result 
DONE 1072 A 1 complete
[1] api_request 
[1] api_request 
[2] api_response 
[3] plan_finalized 
[4] search_start 
[5] search_result 
DONE 985 A 1 complete
[2] api_response 
[3] plan_finalized 
[4] search_start 
[1] api_request 
[5] search_result 
[6] search_start 
[7] search_result 
DONE 561 C 2 complete
[1] api_request 
[2] api_response 
[3] plan_finalized 
[4] search_start 
[2] api_response 
[3] plan_finalized 
[4] search_start 
[2] api_response 
DONE 23 A 1 error
[1] api_request 
[5] search_result 
DONE 867 A 2 complete
[1] api_request 
[5] search_result 
DONE 583 B 2 complete
[1] api_request 
[2] api_response 
[3] api_request 
[2] api_response 
[3] plan_finalized 
[4] search_start 
[2] api_response 
[3] plan_finalized 
[4] search_start 
[5] search_result 
DONE 478 A 1 complete
[5] search_result 
[6] search_start 
[1] api_request 
[2] api_response 
[3] plan_finalized 
[4] search_start 
[4] api_response 
[5] plan_finalized 
[6] search_start 
[7] search_result 
DONE 591 C 2 complete
[1] api_request 
[7] search_result 
[8] search_start 
[9] search_result 
DONE 583 C 2 complete
[1] api_request 
[5] search_result 
DONE 183 B 2 complete
[1] api_request 
[2] api_response 
[3] plan_finalized 
[4] search_start 
[5] search_result 
DONE 591 B 1 complete
[2] api_response 
[3] plan_finalized 
[4] search_start 
[1] api_request 
[5] search_result 
DONE 551 A 1 complete
[1] api_request 
[2] api_response 
[3] api_request 
[2] api_response 
[3] plan_finalized 
[4] search_start 
[4] api_response 
[5] plan_finalized 
DONE 985 C 2 invalid
[5] search_result 
DONE 183 A 2 complete
[1] api_request 
[1] api_request 
[2] api_response 
[3] plan_finalized 
[4] search_start 
[2] api_response 
[3] plan_finalized 
DONE 506 A 2 no_search
[1] api_request 
[2] api_response 
[3] plan_finalized 
[4] search_start 
[2] api_response 
[3] plan_finalized 
[4] search_start 
[5] search_result 
DONE 285 A 2 complete
[5] search_result 
[6] search_start 
[1] api_request 
[7] search_result 
DONE 478 C 2 complete
[1] api_request 
[5] search_result 
DONE 558 B 2 complete
[1] api_request 
[2] api_response 
[3] api_request 
[2] api_response 
[3] plan_finalized 
[4] search_start 
[2] api_response 
[3] plan_finalized 
[4] search_start 
[4] api_response 
[5] plan_finalized 
[6] search_start 
[5] search_result 
DONE 23 B 2 complete
[5] search_result 
[6] search_start 
[1] api_request 
[7] search_result 
DONE 638 B 1 complete
[2] api_response 
[3] plan_finalized 
[4] search_start 
[7] search_result 
DONE 1209 C 2 complete
[5] search_result 
[6] search_start 
[1] api_request 
[1] api_request 
[7] search_result 
DONE 183 C 1 complete
[2] api_response 
[3] plan_finalized 
[4] search_start 
[1] api_request 
[5] search_result 
DONE 433 B 2 complete
[2] api_response 
[3] plan_finalized 
[4] search_start 
[1] api_request 
[5] search_result 
DONE 506 B 1 complete
[2] api_response 
[3] plan_finalized 
[4] search_start 
[1] api_request 
[5] search_result 
DONE 561 A 1 complete
[1] api_request 
[2] api_response 
[3] plan_finalized 
[4] search_start 
[5] search_result 
[2] api_response 
[3] api_request 
DONE 478 A 2 complete
[1] api_request 
[2] api_response 
[3] plan_finalized 
[4] search_start 
[4] api_response 
[5] plan_finalized 
[6] search_start 
[2] api_response 
[3] plan_finalized 
[4] search_start 
[7] search_result 
[8] search_start 
[5] search_result 
DONE 867 A 1 complete
[1] api_request 
[5] search_result 
DONE 757 B 2 complete
[9] search_result 
DONE 985 C 1 complete
[1] api_request 
[1] api_request 
[2] api_response 
[3] plan_finalized 
[4] search_start 
[5] search_result 
DONE 786 A 1 complete
[1] api_request 
[2] api_response 
[3] plan_finalized 
[4] search_start 
[5] search_result 
[6] search_start 
[2] api_response 
[3] plan_finalized 
[4] search_start 
[7] search_result 
DONE 810 C 2 complete
[5] search_result 
[6] search_start 
[1] api_request 
[2] api_response 
[3] plan_finalized 
[4] search_start 
[7] search_result 
DONE 506 C 1 complete
[1] api_request 
[5] search_result 
[6] search_start 
[7] search_result 
DONE 757 C 2 complete
[1] api_request 
[2] api_response 
[3] api_request 
[2] api_response 
[3] plan_finalized 
[4] search_start 
[2] api_response 
[3] plan_finalized 
[4] search_start 
[5] search_result 
[6] search_start 
[5] search_result 
DONE 1072 A 2 complete
[2] api_response 
[3] plan_finalized 
[4] search_start 
[7] search_result 
DONE 285 C 2 complete
[1] api_request 
[5] search_result 
DONE 1209 B 2 complete
[1] api_request 
[4] api_response 
[5] plan_finalized 
DONE 551 B 2 invalid
[1] api_request 
[1] api_request 
[2] api_response 
[3] plan_finalized 
[4] search_start 
[2] api_response 
[3] plan_finalized 
[4] search_start 
[2] api_response 
[3] plan_finalized 
[4] search_start 
[5] search_result 
[6] search_start 
[2] api_response 
[3] plan_finalized 
[4] search_start 
[5] search_result 
[6] search_start 
[7] search_result 
DONE 23 C 2 complete
[1] api_request 
[7] search_result 
DONE 1072 C 2 complete
[5] search_result 
[6] search_start 
[5] search_result 
DONE 506 A 1 complete
[1] api_request 
[7] search_result 
DONE 867 C 1 complete
[1] api_request 
[1] api_request 
[2] api_response 
[3] plan_finalized 
[4] search_start 
[5] search_result 
[6] search_start 
[7] search_result 
DONE 757 C 1 complete
[1] api_request 
[2] api_response 
[3] plan_finalized 
[4] search_start 
[2] api_response 
[3] plan_finalized 
[4] search_start 
[5] search_result 
[6] search_start 
[7] search_result 
DONE 506 C 2 complete
[1] api_request 
[5] search_result 
DONE 1117 B 2 complete
[1] api_request 
[2] api_response 
[3] plan_finalized 
[4] search_start 
[2] api_response 
[3] plan_finalized 
[4] search_start 
[5] search_result 
DONE 810 A 1 complete
[5] search_result 
[6] search_start 
[1] api_request 
[7] search_result 
DONE 786 C 2 complete
[1] api_request 
[2] api_response 
[3] plan_finalized 
[4] search_start 
[2] api_response 
[3] api_request 
[5] search_result 
DONE 1117 A 2 complete
[1] api_request 
[4] api_response 
[5] plan_finalized 
[6] search_start 
[7] search_result 
DONE 183 B 1 complete
[2] api_response 
[3] plan_finalized 
[4] search_start 
[1] api_request 
[5] search_result 
DONE 433 B 1 complete
[1] api_request 
[2] api_response 
[3] plan_finalized 
[4] search_start 
[5] search_result 
DONE 591 B 2 complete
[1] api_request 
[2] api_response 
[3] plan_finalized 
[4] search_start 
[5] search_result 
DONE 810 B 1 complete
[1] api_request 
[2] api_response 
[3] plan_finalized 
[4] search_start 
[2] api_response 
[3] api_request 
[5] search_result 
DONE 757 A 1 complete
[1] api_request 
[4] api_response 
[5] plan_finalized 
DONE 1117 C 2 invalid
[1] api_request 
[2] api_response 
DONE 285 A 1 error
[1] api_request 
[2] api_response 
[3] plan_finalized 
[4] search_start 
[5] search_result 
DONE 1209 B 1 complete
[2] api_response 
[3] plan_finalized 
[4] search_start 
[1] api_request 
[5] search_result 
DONE 1117 A 1 complete
[1] api_request 
[2] api_response 
[3] api_request 
[2] api_response 
[3] plan_finalized 
[4] search_start 
[2] api_response 
[3] plan_finalized 
[4] search_start 
[4] api_response 
[5] plan_finalized 
[6] search_start 
[5] search_result 
DONE 478 B 2 complete
[7] search_result 
DONE 985 B 1 complete
[1] api_request 
[1] api_request 
[5] search_result 
DONE 558 A 2 complete
[1] api_request 
[2] api_response 
[3] plan_finalized 
[4] search_start 
[5] search_result 
DONE 285 B 1 complete
[1] api_request 
[2] api_response 
[3] plan_finalized 
[4] search_start 
[5] search_result 
DONE 551 B 1 complete
[1] api_request 
[2] api_response 
[3] plan_finalized 
[4] search_start 
[2] api_response 
[3] api_request 
[2] api_response 
[3] api_request 
[5] search_result 
DONE 183 A 1 complete
[1] api_request 
[4] api_response 
[5] plan_finalized 
[6] search_start 
[4] api_response 
[5] plan_finalized 
[6] search_start 
[2] api_response 
[3] plan_finalized 
[4] search_start 
[7] search_result 
[8] search_start 
[9] search_result 
DONE 810 C 1 complete
[5] search_result 
DONE 285 B 2 complete
[7] search_result 
DONE 583 B 1 complete
[1] api_request 
[1] api_request 
[1] api_request 
[2] api_response 
DONE 23 A 2 error
[1] api_request 
[2] api_response 
[3] plan_finalized 
[4] search_start 
[2] api_response 
[3] plan_finalized 
[4] search_start 
[2] api_response 
[3] plan_finalized 
[4] search_start 
[5] search_result 
[6] search_start 
[5] search_result 
[6] search_start 
[7] search_result 
DONE 183 C 2 complete
[5] search_result 
DONE 1072 B 1 complete
[7] search_result 
DONE 591 C 1 complete
[1] api_request 
[2] api_response 
[3] plan_finalized 
[4] search_start 
[5] search_result 
DONE 561 B 2 complete
[2] api_response 
[3] plan_finalized 
[4] search_start 
[5] search_result 
DONE 1209 A 1 complete
FINISHED /data/WSH/Search-ESR/experiments/query_initialization/runs/20260918T053659.834656Z
