/home/ubuntu/anaconda3/lib/python3.12/site-packages/sklearn/utils/_param_validation.py:14: UserWarning: A NumPy version >=1.22.4 and <2.3.0 is required for this version of SciPy (detected version 2.5.2)
  from scipy.sparse import csr_matrix, issparse
OUTPUT_DIR=/data/WSH/Search-ESR/experiments/query_initialization/basis_packet/runs/20260918T082045.350198Z
[1] api_request 
[1] api_request 
[1] api_request 
[1] api_request 
[2] api_response 
[3] query_finalized 
DONE qid_786__conservative__r1 abstained
[2] api_response 
[3] query_finalized 
DONE qid_551__expression_full_context__r1 abstained
[1] api_request 
[1] api_request 
[2] api_response 
[3] query_finalized 
[4] search_start 
[2] api_response 
[3] query_finalized 
[4] search_start 
[2] api_response 
[3] query_finalized 
[4] search_start 
[2] api_response 
[3] query_finalized 
[4] search_start 
Loading weights:   0%|          | 0/398 [00:00<?, ?it/s]Loading weights:  17%|█▋        | 69/398 [00:00<00:00, 641.06it/s]Loading weights:  37%|███▋      | 146/398 [00:00<00:00, 705.22it/s]Loading weights:  55%|█████▍    | 218/398 [00:00<00:00, 711.38it/s]Loading weights:  73%|███████▎  | 290/398 [00:00<00:00, 701.24it/s]Loading weights:  91%|█████████ | 361/398 [00:00<00:00, 602.29it/s]Loading weights: 100%|██████████| 398/398 [00:00<00:00, 632.11it/s]
[5] search_result 
DONE qid_551__expression_packet__r1 complete
[5] search_result 
DONE qid_551__expression_full_context__r2 complete
[5] search_result 
DONE qid_1172__expression_packet__r2 complete
[5] search_result 
DONE qid_551__expression_packet__r3 complete
[1] api_request 
[1] api_request 
[1] api_request 
[1] api_request 
[2] api_response 
[3] query_finalized 
[4] search_start 
[2] api_response 
[3] query_finalized 
[4] search_start [2] api_response 

[3] query_finalized 
[4] search_start 
[2] api_response 
[3] query_finalized 
[4] search_start 
[5] search_result 
DONE qid_551__expression_full_context__r3 complete
[5] search_result 
DONE qid_1172__conservative__r2 complete
[1] control_query 
[2] query_finalized 
[3] search_start 
[5] search_result 
DONE qid_645__expression_full_context__r2 complete
[1] api_request 
[5] search_result 
DONE qid_645__conservative__r2 complete
[1] control_query 
[2] query_finalized 
[3] search_start 
[4] search_result 
DONE qid_551__verbatim__r1 complete
[1] api_request 
[2] api_response 
[3] query_finalized 
[4] search_start 
[1] api_request 
[2] api_response 
[3] query_finalized 
[4] search_start 
[2] api_response 
[3] query_finalized 
[4] search_start 
[5] search_result 
DONE qid_645__expression_packet__r2 complete
[5] search_result 
DONE qid_1117__conservative__r1 complete
[1] api_request 
[5] search_result 
DONE qid_1072__expression_packet__r1 complete
[1] api_request 
[4] search_result 
DONE qid_786__verbatim__r1 complete
[1] api_request 
[2] api_response 
[3] query_finalized 
DONE qid_1072__expression_full_context__r3 abstained
[2] api_response 
[3] query_finalized 
[4] search_start 
[1] api_request 
[2] api_response 
[3] query_finalized 
DONE qid_551__expression_packet__r2 abstained
[1] api_request 
[5] search_result 
DONE qid_1117__expression_full_context__r1 complete
[1] api_request 
[2] api_response 
[3] query_finalized 
[4] search_start 
[2] api_response 
[3] query_finalized 
[4] search_start 
[1] control_query 
[2] query_finalized 
[3] search_start 
[2] api_response 
[3] query_finalized 
[4] search_start 
[5] search_result 
DONE qid_645__expression_full_context__r1 complete
[1] api_request 
[4] search_result 
DONE qid_1072__verbatim__r1 complete
[2] api_response 
[3] query_finalized 
[4] search_start 
[5] search_result 
DONE qid_645__conservative__r1 complete
[1] api_request 
[1] control_query 
[2] query_finalized 
[3] search_start 
[2] api_response 
[3] query_finalized 
DONE qid_551__conservative__r1 abstained
[5] search_result 
DONE qid_1072__conservative__r2 complete
[1] api_request 
[1] api_request 
[4] search_result 
DONE qid_645__verbatim__r1 complete
[2] api_response 
[3] query_finalized 
DONE qid_551__conservative__r2 abstained
[1] api_request 
[1] api_request 
[5] search_result 
DONE qid_1072__expression_packet__r2 complete
[2] api_response 
[3] query_finalized 
DONE qid_1072__expression_full_context__r2 abstained
[2] api_response 
[3] query_finalized 
[4] search_start 
[2] api_response 
[3] query_finalized 
[4] search_start 
[5] search_result 
DONE qid_786__expression_full_context__r3 complete
[5] search_result 
DONE qid_1117__expression_full_context__r2 complete
[1] api_request 
[1] api_request 
[1] api_request 
[1] api_request 
[2] api_response 
[3] query_finalized 
DONE qid_786__expression_packet__r3 abstained
[1] api_request 
[2] api_response 
[3] query_finalized 
[4] search_start 
[2] api_response 
[3] query_finalized 
[4] search_start 
[2] api_response 
[3] query_finalized 
[4] search_start 
[5] search_result 
DONE qid_1117__expression_packet__r2 complete
[2] api_response 
[3] query_finalized 
[4] search_start 
[5] search_result 
DONE qid_786__expression_full_context__r1 complete
[1] api_request 
[5] search_result 
DONE qid_1172__expression_packet__r1 complete
[5] search_result 
DONE qid_645__expression_packet__r1 complete
[2] api_response 
[3] query_finalized 
[4] search_start 
[1] api_request 
[2] api_response 
[3] query_finalized 
DONE qid_786__expression_packet__r1 abstained
[1] api_request 
[1] api_request 
[1] api_request 
[2] api_response 
[3] query_finalized 
DONE qid_551__conservative__r3 abstained
[1] api_request 
[2] api_response 
[3] query_finalized 
[4] search_start 
[2] api_response 
[3] query_finalized 
[4] search_start 
[5] search_result 
DONE qid_1072__expression_full_context__r1 complete
[5] search_result 
DONE qid_1172__conservative__r1 complete
[1] api_request 
[5] search_result 
DONE qid_1117__expression_full_context__r3 complete
[1] api_request 
[1] api_request 
[2] api_response 
[3] query_finalized 
[4] search_start 
[2] api_response 
[3] query_finalized 
[4] search_start 
[2] api_response 
[3] query_finalized 
[4] search_start 
[5] search_result 
DONE qid_1117__conservative__r3 complete
[1] api_request 
[5] search_result 
DONE qid_645__expression_packet__r3 complete
[2] api_response 
[3] query_finalized 
[4] search_start 
[1] control_query 
[2] query_finalized 
[3] search_start 
[2] api_response 
[3] query_finalized 
[4] search_start 
[5] search_result 
DONE qid_645__expression_full_context__r3 complete
[5] search_result 
DONE qid_786__expression_full_context__r2 complete
[4] search_result 
DONE qid_1172__verbatim__r1 complete
[5] search_result 
DONE qid_1172__expression_full_context__r3 complete
[1] api_request 
[1] api_request 
[1] api_request 
[1] api_request 
[2] api_response 
[3] query_finalized 
DONE qid_786__conservative__r3 abstained
[2] api_response 
[3] query_finalized 
[4] search_start 
[1] api_request 
[2] api_response 
[3] query_finalized 
[4] search_start 
[2] api_response 
[3] query_finalized 
[5] search_result 
[4] search_start 
DONE qid_1172__expression_packet__r3 complete
[1] api_request 
[5] search_result 
DONE qid_1117__conservative__r2 complete
[2] api_response 
[3] query_finalized 
[4] search_start 
[1] api_request 
[5] search_result 
DONE qid_786__expression_packet__r2 complete
[2] api_response 
[3] query_finalized 
[4] search_start 
[2] api_response 
[3] query_finalized 
[4] search_start 
[5] search_result 
DONE qid_1072__conservative__r1 complete
[1] control_query 
[2] query_finalized 
[3] search_start 
[5] search_result 
DONE qid_1172__conservative__r3 complete
[5] search_result 
DONE qid_1117__expression_packet__r1 complete
[1] api_request 
[4] search_result 
DONE qid_1117__verbatim__r1 complete
[2] api_response 
[3] query_finalized 
DONE qid_786__conservative__r2 abstained
[1] api_request 
[1] api_request 
[1] api_request 
[1] api_request 
[2] api_response 
[3] query_finalized 
[4] search_start 
[2] api_response 
[3] query_finalized 
[4] search_start 
[2] api_response 
[3] query_finalized 
[4] search_start 
[2] api_response 
[3] query_finalized 
[4] search_start 
[5] search_result 
DONE qid_1117__expression_packet__r3 complete
[5] search_result 
DONE qid_1172__expression_full_context__r2 complete
[1] api_request 
[1] api_request 
[5] search_result 
DONE qid_645__conservative__r3 complete
[2] api_response 
[3] query_finalized 
[4] search_start 
[2] api_response 
[3] query_finalized 
[4] search_start 
[5] search_result 
DONE qid_1072__conservative__r3 complete
[5] search_result 
DONE qid_1172__expression_full_context__r1 complete
[5] search_result 
DONE qid_1072__expression_packet__r3 complete
FINISHED /data/WSH/Search-ESR/experiments/query_initialization/basis_packet/runs/20260918T082045.350198Z
