frontier F16_S_1 ok
frontier F16_H_2 ok
frontier F10_S_2 ok
frontier F08_H_1 ok
frontier F02_S_1 ok
frontier F11_S_2 ok
frontier F13_S_2 ok
frontier F24_SH_1 ok
frontier F08_S_2 ok
frontier F07_H_2 ok
frontier F03_SH_1 ok
frontier F02_H_2 ok
frontier F10_SH_2 ok
frontier F12_SH_2 ok
frontier F11_SH_2 ok
frontier F11_H_2 ok
frontier F13_S_1 ok
frontier F13_SH_2 ok
frontier F14_S_2 ok
frontier F20_S_1 ok
frontier F12_H_1 ok
frontier F10_S_1 ok
frontier F15_SH_2 ok
frontier F15_H_2 ok
frontier F01_H_1 ok
frontier F12_SH_1 ok
frontier F06_SH_2 ok
frontier F02_SH_1 ok
frontier F06_H_2 ok
frontier F24_SH_2 ok
frontier F04_SH_2 ok
frontier F18_S_1 ok
frontier F15_S_2 ok
frontier F21_SH_1 ok
frontier F18_H_1 ok
frontier F17_S_1 ok
frontier F08_S_1 ok
frontier F01_H_2 ok
frontier F07_SH_1 ok
frontier F18_S_2 ok
frontier F16_H_1 ok
frontier F17_S_2 ok
frontier F23_S_2 ok
frontier F22_SH_2 ok
frontier F10_H_2 ok
frontier F20_H_1 ok
frontier F18_SH_1 ok
frontier F20_S_2 ok
frontier F01_S_2 ok
frontier F01_SH_2 ok
frontier F03_S_1 ok
frontier F10_H_1 ok
frontier F17_H_1 ok
frontier F22_H_1 length/incomplete
frontier F08_H_2 ok
frontier F23_SH_2 ok
frontier F06_S_2 ok
frontier F21_S_2 ok
frontier F02_S_2 ok
frontier F13_H_2 ok
frontier F10_SH_1 ok
frontier F22_S_2 ok
frontier F19_SH_1 ok
frontier F16_SH_1 ok
frontier F11_SH_1 ok
frontier F04_S_1 ok
frontier F23_SH_1 ok
frontier F17_SH_1 ok
frontier F18_H_2 ok
frontier F05_H_2 ok
frontier F14_S_1 ok
frontier F11_H_1 ok
frontier F05_SH_1 ok
frontier F06_S_1 ok
frontier F03_S_2 ok
frontier F08_SH_2 ok
frontier F24_S_1 ok
frontier F14_SH_1 ok
frontier F23_S_1 ok
frontier F09_H_1 ok
frontier F20_SH_2 ok
frontier F04_SH_1 ok
frontier F06_SH_1 ok
frontier F09_SH_2 ok
frontier F01_SH_1 ok
frontier F03_H_1 ok
frontier F05_S_1 ok
frontier F14_SH_2 ok
frontier F05_S_2 ok
frontier F22_S_1 ok
frontier F04_S_2 ok
frontier F20_SH_1 ok
frontier F14_H_2 ok
frontier F23_H_1 ok
frontier F19_S_2 ok
frontier F05_SH_2 ok
frontier F22_H_2 ok
frontier F16_S_2 ok
frontier F24_H_2 ok
frontier F07_SH_2 ok
frontier F17_H_2 ok
frontier F11_S_1 ok
frontier F07_S_1 ok
frontier F21_H_1 ok
frontier F23_H_2 ok
frontier F09_S_1 ok
frontier F21_SH_2 ok
frontier F14_H_1 ok
frontier F15_SH_1 ok
frontier F24_S_2 ok
frontier F03_SH_2 ok
frontier F19_SH_2 ok
frontier F02_H_1 ok
frontier F13_SH_1 ok
frontier F19_S_1 ok
frontier F09_H_2 ok
frontier F01_S_1 ok
frontier F22_SH_1 length/incomplete
frontier F02_SH_2 ok
frontier F04_H_1 ok
frontier F07_H_1 ok
frontier F08_SH_1 ok
frontier F07_S_2 ok
frontier F09_SH_1 ok
frontier F09_S_2 ok
frontier F24_H_1 ok
frontier F17_SH_2 ok
frontier F15_H_1 ok
frontier F03_H_2 ok
frontier F04_H_2 ok
frontier F18_SH_2 ok
frontier F12_S_1 ok
frontier F13_H_1 ok
frontier F15_S_1 ok
frontier F21_S_1 ok
frontier F05_H_1 ok
frontier F12_H_2 ok
frontier F20_H_2 ok
frontier F12_S_2 ok
frontier F16_SH_2 ok
frontier F06_H_1 ok
frontier F21_H_2 ok
frontier F19_H_1 ok
frontier F19_H_2 ok
