RUN_DIR=/data/WSH/Search-ESR/experiments/runs/v000_baseline/qid_546/20260917T090652.252279Z
[1] api_request 
[2] api_response 
[3] tool_start search
/home/ubuntu/anaconda3/lib/python3.12/site-packages/sklearn/utils/_param_validation.py:14: UserWarning: A NumPy version >=1.22.4 and <2.3.0 is required for this version of SciPy (detected version 2.5.2)
  from scipy.sparse import csr_matrix, issparse
Loading weights:   0%|          | 0/398 [00:00<?, ?it/s]Loading weights:  17%|█▋        | 69/398 [00:00<00:00, 648.71it/s]Loading weights:  37%|███▋      | 146/398 [00:00<00:00, 715.01it/s]Loading weights:  56%|█████▌    | 223/398 [00:00<00:00, 731.70it/s]Loading weights:  76%|███████▋  | 304/398 [00:00<00:00, 761.98it/s]Loading weights:  97%|█████████▋| 386/398 [00:00<00:00, 775.01it/s]Loading weights: 100%|██████████| 398/398 [00:00<00:00, 760.78it/s]
[4] tool_result search
[5] api_request 
[6] api_response 
[7] tool_start search
[8] tool_result search
[9] api_request 
[10] api_response 
[11] tool_start search
[12] tool_result search
[13] api_request 
[14] api_response 
[15] tool_start search
[16] tool_result search
[17] api_request 
[18] api_response 
[19] tool_start get_document
[20] tool_result get_document
[21] api_request 
[22] api_response 
[23] tool_start get_document
[24] tool_result get_document
[25] api_request 
[26] api_response 
[27] tool_start get_document
[28] tool_result get_document
[29] api_request 
[30] api_response 
[31] tool_start get_document
[32] tool_result get_document
[33] api_request 
[34] api_response 
[35] tool_start search
[36] tool_result search
[37] api_request 
[38] api_response 
[39] tool_start search
[40] tool_result search
[41] api_request 
[42] api_response 
[43] tool_start search
[44] tool_result search
[45] api_request 
[46] api_response 
[47] tool_start search
[48] tool_result search
[49] api_request 
[50] api_response 
[51] run_end 
