RUN_DIR=/data/WSH/Search-ESR/experiments/runs/v000_baseline/qid_324/20260917T090343.619827Z
[1] api_request 
[2] api_response 
[3] tool_start search
/home/ubuntu/anaconda3/lib/python3.12/site-packages/sklearn/utils/_param_validation.py:14: UserWarning: A NumPy version >=1.22.4 and <2.3.0 is required for this version of SciPy (detected version 2.5.2)
  from scipy.sparse import csr_matrix, issparse
Loading weights:   0%|          | 0/398 [00:00<?, ?it/s]Loading weights:   0%|          | 1/398 [00:00<02:52,  2.31it/s]Loading weights:   6%|▌         | 22/398 [00:00<00:07, 49.50it/s]Loading weights:  10%|▉         | 38/398 [00:01<00:09, 38.77it/s]Loading weights:  17%|█▋        | 67/398 [00:01<00:06, 48.23it/s]Loading weights:  31%|███▏      | 125/398 [00:01<00:02, 111.23it/s]Loading weights:  51%|█████     | 201/398 [00:01<00:00, 204.92it/s]Loading weights:  70%|███████   | 280/398 [00:01<00:00, 298.48it/s]Loading weights:  92%|█████████▏| 368/398 [00:01<00:00, 410.67it/s]Loading weights: 100%|██████████| 398/398 [00:02<00:00, 198.17it/s]
[4] tool_result search
[5] api_request 
[6] api_response 
[7] tool_start search
[8] tool_result search
[9] api_request 
[10] api_response 
[11] tool_start search
[12] tool_result search
[13] api_request 
[14] api_response 
[15] tool_start search
[16] tool_result search
[17] api_request 
[18] api_response 
[19] tool_start search
[20] tool_result search
[21] api_request 
[22] api_response 
[23] tool_start search
[24] tool_result search
[25] api_request 
[26] api_response 
[27] tool_start search
[28] tool_result search
[29] api_request 
[30] api_response 
[31] tool_start search
[32] tool_result search
[33] api_request 
[34] api_response 
[35] tool_start search
[36] tool_result search
[37] api_request 
[38] api_response 
[39] tool_start search
[40] tool_result search
[41] api_request 
[42] api_response 
[43] tool_start search
[44] tool_result search
[45] api_request 
[46] api_response 
[47] tool_start search
[48] tool_result search
[49] api_request 
[50] api_response 
[51] run_end 
