Loading weights:   0%|          | 0/398 [00:00<?, ?it/s]Loading weights:  18%|█▊        | 70/398 [00:00<00:00, 659.30it/s]Loading weights:  39%|███▊      | 154/398 [00:00<00:00, 741.84it/s]Loading weights:  59%|█████▉    | 234/398 [00:00<00:00, 763.92it/s]Loading weights:  80%|████████  | 319/398 [00:00<00:00, 775.15it/s]Loading weights: 100%|██████████| 398/398 [00:00<00:00, 778.44it/s]
r1 C_VP12 A3 step 1 find ok
r1 K_VP10 A1 step 1 find ok
r1 N_VP01 A0 step 1 search ok
r1 C_VN03 A3 step 1 find ok
completed C_VP12 A3 actor_stop
completed K_VP10 A1 actor_stop
completed N_VP01 A0 actor_stop
r1 N_VP03 A0 step 1 open ok
r1 C_VN03 A3 step 2 find ok
completed C_VN03 A3 budget_exhausted
completed N_VP08 A1 runtime_failure
completed N_VP03 A2 actor_stop
completed N_VP03 A0 actor_stop
completed K_VP01 A3 runtime_failure
r1 N_VP03 A1 step 1 find ok
r1 C_VP06 A0 step 1 search ok
completed N_VP03 A1 actor_stop
r1 K_VP10 A3 step 1 find ok
r1 K_VP10 A0 step 1 search ok
r1 K_VN08 A3 step 1 find ok
completed K_VP10 A3 actor_stop
r1 K_VP13 A2 step 1 open ok
r1 K_VP14 A3 step 1 find ok
completed K_VN08 A3 actor_stop
completed K_VP13 A2 actor_stop
completed K_VP14 A3 actor_stop
r1 K_VP10 A0 step 2 search ok
completed K_VP10 A0 budget_exhausted
r1 K_VN08 A0 step 1 find ok
r1 C_VP06 A0 step 2 search ok
completed C_VP06 A0 budget_exhausted
r1 N_VN05 A2 step 1 search completed K_VN08 A0 actor_stop
ok
r1 K_VP10 A2 step 1 search ok
r1 N_VN05 A0 step 1 search ok
r1 C_VN01 A3 step 1 find ok
r1 K_VN06 A1 step 1 find ok
r1 N_VN05 A2 step 2 search ok
completed N_VN05 A2 budget_exhausted
r1 N_VP11 A1 step 1 search ok
r1 K_VP11 A0 step 1 find ok
r1 C_VN01 A3 step 2 find ok
completed C_VN01 A3 budget_exhausted
completed K_VP11 A0 actor_stop
completed N_VP11 A1 actor_stop
r1 K_VN06 A2 step 1 search ok
r1 K_VP10 A2 step 2 search ok
completed K_VP10 A2 budget_exhausted
r1 C_VP12 A1 step 1 find ok
completed K_VN06 A2 actor_stop
r1 K_VN06 A1 step 2 search ok
completed K_VN06 A1 budget_exhausted
r1 C_VP12 A1 step 2 open ok
completed C_VP12 A1 budget_exhausted
completed N_VP15 A2 runtime_failure
completed K_VN09 A0 actor_failure
completed K_VP01 A1 actor_failure
r1 N_VP17 A1 step 1 search ok
r1 K_VN08 A1 step 1 find ok
r1 K_VN09 A2 step 1 search ok
r1 C_VN07 A1 step 1 search ok
r1 N_VN05 A0 step 2 search ok
completed N_VN05 A0 budget_exhausted
completed K_VN08 A1 actor_stop
completed N_VP17 A1 actor_stop
completed C_VN07 A1 actor_stop
r1 K_VN06 A3 step 1 find ok
completed N_VP15 A1 runtime_failure
completed K_VN09 A2 actor_stop
completed N_VP08 A2 runtime_failure
r1 K_VN06 A3 step 2 find ok
completed K_VN06 A3 budget_exhausted
r1 C_VP06 A3 step 1 find ok
r1 K_VP18 A1 step 1 find ok
r1 C_VN03 A2 step 1 search ok
r1 C_VP06 A2 step 1 search ok
r1 N_VP01 A2 step 1 search ok
completed C_VP06 A3 actor_stop
completed K_VP18 A1 actor_stop
r1 K_VP09 A3 step 1 find ok
completed N_VP01 A2 actor_stop
completed K_VP09 A3 actor_stop
r1 N_VP17 A2 step 1 search ok
r1 C_VN03 A2 step 2 search ok
completed C_VN03 A2 budget_exhausted
completed N_VP17 A2 actor_stop
r1 K_VP18 A3 step 1 find ok
completed K_VP01 A0 runtime_failure
r1 K_VN06 A0 step 1 search ok
completed K_VP18 A3 actor_stop
r1 C_VP06 A2 step 2 search ok
completed C_VP06 A2 budget_exhausted
completed K_VN06 A0 actor_stop
r1 N_VP17 A0 step 1 search ok
r1 K_VP09 A0 step 1 search ok
r1 K_VP11 A1 step 1 find ok
completed N_VP17 A0 actor_stop
completed K_VP11 A1 actor_stop
completed K_VP09 A0 actor_stop
r1 K_VP13 A1 step 1 find ok
r1 C_VN01 A0 step 1 find ok
completed K_VP13 A1 actor_stop
r1 K_VP14 A0 step 1 search ok
completed C_VN01 A0 actor_stop
completed N_VP08 A0 runtime_failure
r1 K_VN09 A3 step 1 find ok
r1 N_VN05 A1 step 1 search ok
completed K_VP14 A0 actor_stop
r1 K_VP09 A2 step 1 search ok
r1r1  K_VN08K_VP09  A2A1 step  1step  search 1 okfind
 ok
r1 N_VP11 A0 step 1 search ok
completed K_VP09 A1 actor_stop
completed K_VN08 A2 actor_stop
completed N_VP11 A0 actor_stop
r1 K_VP11 A3 step 1 find ok
completed K_VP09 A2 actor_stop
completed K_VP11 A3 actor_stop
r1 N_VP13 A0 step 1 search ok
completed K_VP01 A2 runtime_failure
completed N_VP13 A0 actor_stop
completed K_VN09 A3 actor_stop
r1 C_VN07 A3 step 1 find ok
r1 C_VP06 A1 step 1 find ok
r1 N_VP13 A2 step 1 search ok
completed C_VP06 A1 actor_stop
completed N_VP13 A2 actor_stop
r1 N_VN05 A1 step 2 search ok
completed N_VN05 A1 budget_exhausted
r1 C_VN03 A0 step 1 find ok
r1 K_VP14 A2 step 1 search ok
r1 C_VN07 A3 step 2 find ok
completed C_VN07 A3 budget_exhausted
completed C_VN03 A0 actor_stop
completed K_VP14 A2 actor_stop
r1 K_VN09 A1 step 1 find ok
r1 K_VP13 A3 step 1 find ok
r1 K_VP18 A2 step 1 search ok
completed K_VP13 A3 actor_stop
completed K_VP18 A2 actor_stop
completed K_VN09 A1 actor_stop
r1 K_VP13 A0 step 1 find r1ok 
C_VN01 A1 step 1 find ok
r1 K_VP11 A2 step 1 open ok
r1 C_VN07 A2 step 1 search ok
r1 C_VP12 A0 step 1 search ok
completed N_VP15 A0 runtime_failure
completed K_VP13 A0 actor_stop
completed K_VP11 A2 actor_stop
r1 C_VP12 A2 step 1 open ok
r1 C_VN01 A1 step 2 find ok
completed C_VN01 A1 budget_exhausted
r1 C_VP12 A0 step 2 find ok
completed C_VP12 A0 budget_exhausted
completed C_VP12 A2 actor_stop
r1 C_VN07 A2 step 2 search ok
completed C_VN07 A2 budget_exhausted
r1 N_VP11 A2 step 1 search ok
r1 K_VP18 A0 step 1 search ok
completed N_VP11 A2 actor_stop
r1 N_VP13 A1 step 1 search ok
r1 K_VP14 A1 step 1 find ok
r1 N_VP01 A1 step 1 search ok
r1 C_VN03 A1 step 1 find ok
completed K_VP18 A0 actor_stop
completed N_VP13 A1 actor_stop
r1 C_VN07 A0 step 1 search ok
completed N_VP01 A1 actor_stop
r1 C_VN01 A2 step 1 search ok
r1 C_VN07 A0 step 2 search ok
completed C_VN07 A0 budget_exhausted
r1 K_VP14 A1 step 2 find ok
completed K_VP14 A1 budget_exhausted
completed C_VN01 A2 actor_stop
completed C_VN03 A1 actor_stop
