/home/ubuntu/anaconda3/lib/python3.12/site-packages/sklearn/utils/_param_validation.py:14: UserWarning: A NumPy version >=1.22.4 and <2.3.0 is required for this version of SciPy (detected version 2.5.2)
  from scipy.sparse import csr_matrix, issparse
OUTPUT_DIR=/data/WSH/Search-ESR/experiments/query_initialization/runs/20260918T053308.889887Z
[1] api_request 
[1] api_request 
[1] api_request 
[1] api_request 
[2] api_response 
[3] plan_finalized 
[4] search_start 
[2] api_response 
[3] api_request 
[2] api_response 
[3] api_request 
[2] api_response 
[3] plan_finalized 
[4] search_start 
Loading weights:   0%|          | 0/398 [00:00<?, ?it/s][4] api_response 
[5] plan_finalized 
[6] search_start 
Loading weights:  15%|█▍        | 58/398 [00:00<00:00, 540.07it/s]Loading weights:  34%|███▍      | 135/398 [00:00<00:00, 651.45it/s]Loading weights:  53%|█████▎    | 212/398 [00:00<00:00, 680.33it/s]Loading weights:  71%|███████   | 281/398 [00:00<00:00, 644.54it/s]Loading weights:  87%|████████▋ | 346/398 [00:00<00:00, 514.87it/s]Loading weights: 100%|██████████| 398/398 [00:00<00:00, 573.76it/s]
[4] api_response 
[5] plan_finalized 
DONE 387 C 1 invalid
[1] api_request 
[5] search_result 
DONE 1034 A 1 complete
[7] search_result 
DONE 1034 B 1 complete
[2] api_response 
[3] plan_finalized 
[4] search_start 
[5] search_result 
[6] search_start 
[1] api_request 
[1] api_request 
[5] search_result 
[6] search_start 
[7] search_result 
DONE 645 C 1 complete
[1] api_request 
[7] search_result 
DONE 905 C 1 complete
[1] api_request 
[2] api_response 
[3] plan_finalized 
[4] search_start 
[2] api_response 
[3] plan_finalized 
[4] search_start 
[5] search_result 
DONE 905 B 1 complete
[1] api_request 
[5] search_result 
DONE 905 A 1 complete
[2] api_response 
[3] plan_finalized 
[4] search_start 
[1] api_request 
[2] api_response 
[3] plan_finalized 
[4] search_start 
[5] search_result 
[6] search_start 
[7] search_result 
DONE 1034 C 1 complete
[2] api_response 
[3] plan_finalized 
[4] search_start 
[1] api_request 
[2] api_response 
[3] plan_finalized 
[4] search_start 
[5] search_result 
DONE 645 A 1 complete
[5] search_result 
DONE 645 B 1 complete
[5] search_result 
DONE 387 B 1 complete
[2] api_response 
[3] plan_finalized 
[4] search_start 
[5] search_result 
DONE 387 A 1 complete
FINISHED /data/WSH/Search-ESR/experiments/query_initialization/runs/20260918T053308.889887Z
