/home/ubuntu/anaconda3/lib/python3.12/site-packages/sklearn/utils/_param_validation.py:14: UserWarning: A NumPy version >=1.22.4 and <2.3.0 is required for this version of SciPy (detected version 2.5.2)
  from scipy.sparse import csr_matrix, issparse
OUTPUT_DIR=/data/WSH/Search-ESR/experiments/query_initialization/fixed_anchor/runs/20260918T064507.877529Z
[1] api_request 
[1] api_request 
[1] api_request 
[1] api_request 
[2] api_response 
[3] query_finalized 
[4] search_start 
[2] api_response 
[3] query_finalized 
[4] search_start 
[2] api_response 
[3] query_finalized 
[4] search_start 
[2] api_response 
[3] api_request 
[4] api_response 
[5] query_finalized 
[6] search_start 
Loading weights:   0%|          | 0/398 [00:00<?, ?it/s]Loading weights:   9%|▉         | 36/398 [00:00<00:01, 341.51it/s]Loading weights:  20%|██        | 81/398 [00:00<00:00, 397.47it/s]Loading weights:  31%|███       | 124/398 [00:00<00:00, 393.40it/s]Loading weights:  41%|████      | 164/398 [00:00<00:00, 360.35it/s]Loading weights:  51%|█████     | 201/398 [00:00<00:00, 355.22it/s]Loading weights:  62%|██████▏   | 245/398 [00:00<00:00, 377.71it/s]Loading weights:  72%|███████▏  | 285/398 [00:00<00:00, 384.51it/s]Loading weights:  82%|████████▏ | 328/398 [00:00<00:00, 394.62it/s]Loading weights:  97%|█████████▋| 385/398 [00:00<00:00, 436.83it/s]Loading weights: 100%|██████████| 398/398 [00:00<00:00, 407.75it/s]
[5] search_result 
DONE qid_583__model__r3 complete
[5] search_result 
DONE qid_786__model__r1 complete
[7] search_result 
DONE qid_786__model__r3 complete
[5] search_result 
DONE qid_645__model__r3 complete
[1] control_query 
[2] query_finalized 
[3] search_start 
[1] api_request 
[4] search_result 
DONE qid_591__full__r1 complete
[1] api_request 
[1] control_query 
[2] query_finalized 
[3] search_start 
[1] api_request 
[4] search_result 
DONE qid_591__delete__r1 complete
[2] api_response 
[3] query_finalized 
[4] search_start 
[2] api_response 
[3] query_finalized 
[4] search_start 
[1] api_request 
[5] search_result 
DONE qid_551__model__r1 complete
[5] search_result 
[2] api_response 
[3] query_finalized 
[4] search_start 
DONE qid_786__model__r2 complete
[1] control_query 
[2] query_finalized 
[3] search_start 
[5] search_result 
DONE qid_591__model__r3 complete
[1] control_query 
[2] query_finalized 
[3] search_start 
[2] api_response 
[3] query_finalized 
[4] search_start 
[4] search_result 
DONE qid_786__delete__r1 complete
[1] api_request 
[4] search_result 
DONE qid_1072__delete__r1 complete
[1] control_query 
[2] query_finalized 
[3] search_start 
[1] api_request 
[2] api_response 
[3] query_finalized 
[4] search_start 
[5] search_result 
DONE qid_1117__model__r2 complete
[1] api_request 
[4] search_result 
DONE qid_1117__full__r1 complete
[2] api_response 
[3] query_finalized 
[4] search_start 
[5] search_result 
DONE qid_551__model__r2 complete
[2] api_response 
[3] query_finalized 
[4] search_start 
[1] control_query 
[2] query_finalized 
[3] search_start 
[1] control_query 
[2] query_finalized 
[3] search_start 
[5] search_result 
DONE qid_1072__model__r2 complete
[1] api_request 
[5] search_result 
DONE qid_645__model__r2 complete
[4] search_result 
DONE qid_583__full__r1 complete
[1] api_request 
[2] api_response 
[3] query_finalized 
[4] search_start 
[1] api_request 
[5] search_result 
DONE qid_551__model__r3 complete
[2] api_response 
[3] query_finalized 
[4] search_start 
[2] api_response 
[3] query_finalized 
[4] search_start 
[1] api_request 
[4] search_result 
DONE qid_1072__full__r1 complete
[1] control_query 
[2] query_finalized 
[3] search_start 
[5] search_result 
DONE qid_591__model__r2 complete
[1] control_query 
[2] query_finalized 
[3] search_start 
[2] api_response 
[3] query_finalized 
[4] search_start 
[5] search_result 
DONE qid_1072__model__r3 complete
[4] search_result 
DONE qid_551__delete__r1 complete
[4] search_result 
DONE qid_645__full__r1 complete
[5] search_result 
[1] control_query 
[2] query_finalized 
[3] search_start 
DONE qid_583__model__r2 complete
[1] control_query 
[2] query_finalized 
[3] search_start 
[1] api_request 
[1] api_request 
[4] search_result 
DONE qid_551__full__r1 complete
[4] search_result 
DONE qid_645__delete__r1 complete
[2] api_response 
[3] query_finalized 
[4] search_start 
[2] api_response 
[3] query_finalized 
[4] search_start 
[1] api_request 
[1] control_query 
[2] query_finalized 
[3] search_start 
[5] search_result 
DONE qid_591__model__r1 complete
[1] control_query 
[2] query_finalized 
[3] search_start 
[2] api_response 
[3] query_finalized 
[4] search_start 
[4] search_result 
DONE qid_1117__delete__r1 complete
[4] search_result 
DONE qid_583__delete__r1 complete
[1] api_request 
[2] api_response 
[3] query_finalized 
[4] search_start 
[5] search_result 
DONE qid_583__model__r1 complete
[5] search_result 
DONE qid_1072__model__r1 complete
[5] search_result 
DONE qid_1117__model__r3 complete
[1] api_request 
[1] control_query 
[2] query_finalized 
[3] search_start 
[1] api_request 
[4] search_result 
DONE qid_786__full__r1 complete
[2] api_response 
[3] query_finalized 
[4] search_start 
[2] api_response 
[3] query_finalized 
[4] search_start 
[5] search_result 
DONE qid_1117__model__r1 complete
[5] search_result 
DONE qid_645__model__r1 complete
FINISHED /data/WSH/Search-ESR/experiments/query_initialization/fixed_anchor/runs/20260918T064507.877529Z
