/home/ubuntu/anaconda3/lib/python3.12/site-packages/sklearn/utils/_param_validation.py:14: UserWarning: A NumPy version >=1.22.4 and <2.3.0 is required for this version of SciPy (detected version 2.5.2)
  from scipy.sparse import csr_matrix, issparse
OUTPUT_DIR=/data/WSH/Search-ESR/experiments/query_initialization/single_entry/runs/20260918T062309.405859Z
[1] api_request 
[1] api_request 
[1] api_request 
[1] api_request 
[2] api_response 
[3] plan_finalized 
[4] search_start 
[2] api_response 
[3] plan_finalized 
[4] search_start 
[2] api_response 
[3] plan_finalized 
[4] search_start 
[2] api_response 
[3] plan_finalized 
[4] search_start 
Loading weights:   0%|          | 0/398 [00:00<?, ?it/s]Loading weights:  15%|█▍        | 59/398 [00:00<00:00, 551.43it/s]Loading weights:  34%|███▍      | 135/398 [00:00<00:00, 655.68it/s]Loading weights:  51%|█████     | 201/398 [00:00<00:00, 491.80it/s]Loading weights:  64%|██████▍   | 254/398 [00:00<00:00, 455.48it/s]Loading weights:  76%|███████▌  | 302/398 [00:00<00:00, 411.91it/s]Loading weights:  91%|█████████ | 361/398 [00:00<00:00, 458.90it/s]Loading weights: 100%|██████████| 398/398 [00:00<00:00, 481.29it/s]
[5] search_result 
DONE qid_551__refs_goal__r1 complete
[5] search_result 
DONE qid_583__minimal__r1 complete
[5] search_result 
DONE qid_591__refs_goal__r1 complete
[1] api_request 
[1] api_request 
[5] search_result 
DONE qid_645__minimal__r1 complete
[1] api_request 
[1] api_request 
[2] api_response 
[3] plan_finalized 
[4] search_start 
[2] api_response 
[3] plan_finalized 
[4] search_start 
[5] search_result 
DONE qid_1072__refs__r1 complete
[2] api_response 
[3] plan_finalized 
[4] search_start 
[1] api_request 
[5] search_result 
DONE qid_591__minimal__r1 complete
[5] search_result 
DONE qid_583__refs__r1 complete
[2] api_response 
[3] plan_finalized 
[4] search_start 
[1] api_request 
[1] api_request 
[2] api_response 
[3] plan_finalized 
[4] search_start 
[2] api_response 
[3] plan_finalized 
[4] search_start 
[2] api_response 
[3] plan_finalized 
[4] search_start 
[5] search_result 
DONE qid_591__refs__r1 complete
[5] search_result 
DONE qid_786__refs__r1 complete
[1] api_request 
[1] api_request 
[5] search_result 
DONE qid_1072__v2__r1 complete
[1] api_request 
[5] search_result 
DONE qid_645__v2__r1 complete
[2] api_response 
[3] plan_finalized 
[4] search_start 
[1] api_request 
[5] search_result 
DONE qid_551__refs__r1 complete
[2] api_response 
[3] plan_finalized 
[4] search_start 
[1] api_request 
[5] search_result 
DONE qid_591__v2__r1 complete
[1] api_request 
[2] api_response 
[3] plan_finalized 
[4] search_start 
[2] api_response 
[3] plan_finalized 
[4] search_start 
[2] api_response 
[3] plan_finalized 
[4] search_start 
[5] search_result 
DONE qid_183__minimal__r1 complete
[1] api_request 
[5] search_result 
DONE qid_786__refs_goal__r1 complete
[5] search_result 
DONE qid_786__minimal__r1 complete
[1] api_request 
[1] api_request 
[2] api_response 
[3] plan_finalized 
[4] search_start 
[2] api_response 
[3] plan_finalized 
[4] search_start 
[5] search_result 
DONE qid_1117__v2__r1 complete
[5] search_result 
DONE qid_1117__minimal__r1 complete
[2] api_response 
[3] plan_finalized 
[4] search_start 
[1] api_request 
[1] api_request 
[2] api_response 
[3] plan_finalized 
[4] search_start 
[5] search_result 
DONE qid_583__v2__r1 complete
[2] api_response 
[3] plan_finalized 
[4] search_start 
[1] api_request 
[2] api_response 
[3] plan_finalized 
[4] search_start 
[5] search_result 
DONE qid_183__refs__r1 complete
[1] api_request 
[5] search_result 
DONE qid_786__v2__r1 complete
[5] search_result 
DONE qid_1072__refs_goal__r1 complete
[2] api_response 
[3] plan_finalized 
[4] search_start 
[1] api_request 
[1] api_request 
[2] api_response 
[3] plan_finalized 
[4] search_start 
[5] search_result 
DONE qid_645__refs_goal__r1 complete
[2] api_response 
[3] plan_finalized 
[4] search_start 
[5] search_result 
DONE qid_183__refs_goal__r1 complete
[2] api_response 
[3] plan_finalized 
[4] search_start 
[1] api_request 
[1] api_request 
[5] search_result 
DONE qid_1072__minimal__r1 complete
[5] search_result 
DONE qid_551__minimal__r1 complete
[1] api_request 
[1] api_request 
[2] api_response 
[3] plan_finalized 
[4] search_start 
[2] api_response 
[3] plan_finalized 
[4] search_start 
[2] api_response 
[3] plan_finalized 
[4] search_start 
[5] search_result 
DONE qid_645__refs__r1 complete
[2] api_response 
[3] api_request 
[5] search_result 
DONE qid_1117__refs__r1 complete
[5] search_result 
DONE qid_1117__refs_goal__r1 complete
[1] api_request 
[1] api_request 
[4] api_response 
[5] plan_finalized 
[6] search_start 
[2] api_response 
[3] plan_finalized 
[4] search_start 
[7] search_result 
DONE qid_183__v2__r1 complete
[5] search_result 
DONE qid_583__refs_goal__r1 complete
[2] api_response 
[3] plan_finalized 
[4] search_start 
[5] search_result 
DONE qid_551__v2__r1 complete
FINISHED /data/WSH/Search-ESR/experiments/query_initialization/single_entry/runs/20260918T062309.405859Z
