actor VP04 V ok
actor VP17 V ok
actor VP16 V ok
actor VN08 V ok
actor VN04 V ok
actor VP01 V ok
actor VP06 V ok
actor VP18 V ok
actor VP07 V ok
actor VN12 V ok
actor VP02 V ok
actor D01 D ok
actor D02 D ok
actor VP11 V ok
actor VN05 V ok
actor VN10 V ok
actor VN09 V ok
actor D04 D ok
actor VN03 V ok
actor VP15 V ok
actor D06 D ok
actor VP13 V ok
actor VN07 V ok
actor D09 D ok
actor VP14 V ok
actor D10 D ok
actor VP08 V ok
actor VP12 V ok
actor VN01 V ok
actor D05 D ok
actor VP05 V ok
actor VP03 V ok
actor VN02 V ok
actor VP10 V ok
actor VN06 V ok
actor VP09 V transport_structural_failure
actor D07 D ok
actor D08 D ok
actor D03 D ok
Loading weights:   0%|          | 0/398 [00:00<?, ?it/s]Loading weights:  20%|██        | 80/398 [00:00<00:00, 727.51it/s]Loading weights:  40%|███▉      | 159/398 [00:00<00:00, 761.09it/s]Loading weights:  61%|██████    | 242/398 [00:00<00:00, 767.94it/s]Loading weights:  81%|████████  | 322/398 [00:00<00:00, 776.25it/s]Loading weights: 100%|██████████| 398/398 [00:00<00:00, 786.88it/s]
tool 1 VP01 search None
tool 1 VP02 search None
tool 1 VP03 search None
tool 1 VP04 search None
tool 1 VP05 search None
tool 1 VP06 search None
tool 1 VP07 search None
tool 1 VP08 search None
tool 1 VP10 search None
tool 1 VP11 search None
tool 1 VP12 search None
tool 1 VP13 search None
tool 1 VP14 search None
tool 1 VP15 search None
tool 1 VP16 search None
tool 1 VP17 search None
tool 1 VP18 search None
tool 1 VN01 search None
tool 1 VN02 search None
tool 1 VN03 search None
tool 1 VN04 search None
tool 1 VN05 search None
tool 1 VN06 search None
tool 1 VN07 search None
tool 1 VN08 search None
tool 1 VN09 search None
tool 1 VN10 search None
tool 1 VN12 search None
tool 1 D01 search None
tool 1 D02 search None
tool 1 D03 search None
tool 1 D04 search None
tool 1 D05 search None
tool 1 D06 search None
tool 1 D07 search None
tool 1 D08 search None
tool 1 D09 search None
tool 1 D10 search None
writer0 D01 D ok
writer0 D03 D ok
writer0 VP18 V ok
writer0 VP02 V ok
writer0 VN04 V ok
writer0 VN05 V ok
writer0 VP10 V ok
writer0 VP06 V ok
writer0 D05 D ok
writer0 VN08 V ok
writer0 D02 D ok
writer0 VP05 V ok
writer0 VN02 V ok
writer0 VP16 V ok
writer0 D09 D ok
writer0 VP11 V ok
writer0 D04 D ok
writer0 D07 D ok
writer0 VP07 V ok
writer0 VN01 V ok
writer0 VP12 V ok
writer0 D08 D ok
writer0 VN07 V ok
writer0 VP01 V ok
writer0 VP04 V ok
writer0 VN09 V ok
writer0 VP14 V ok
writer0 D06 D ok
writer0 VP03 V ok
writer0 VN12 V ok
writer0 VP17 V ok
writer0 VN10 V ok
writer0 VP15 V ok
writer0 VN06 V ok
writer0 VP13 V ok
writer0 VN03 V ok
writer0 D10 D ok
writer0 VP08 V ok
writer1 D07 D ok
writer1 D04 D ok
writer1 VP17 V ok
writer1 VP16 V ok
writer1 VP12 V ok
writer1 D03 D ok
writer1 VN03 V ok
writer1 VP06 V ok
writer1 VN09 V ok
writer1 VP11 V ok
writer1 VN06 V ok
writer1 D02 D ok
writer1 VN01 V ok
writer1 D06 D ok
writer1 VP04 V ok
writer1 VP07 V ok
writer1 VP10 V ok
writer1 VN12 V ok
writer1 VN10 V ok
writer1 VP08 V ok
writer1 VP18 V ok
writer1 VP02 V ok
writer1 D10 D ok
writer1 D05 D ok
writer1 D01 D ok
writer1 VP01 V ok
writer1 VN02 V ok
writer1 VN04 V ok
writer1 VP05 V ok
writer1 VP14 V ok
writer1 VN05 V ok
writer1 VN08 V ok
writer1 D09 D ok
writer1 VN07 V ok
writer1 VP03 V ok
writer1 D08 D ok
writer1 VP13 V ok
writer1 VP15 V ok
writer2 VP16 V ok
writer2 D09 D ok
writer2 VP15 V ok
writer2 VP08 V ok
writer2 VN04 V ok
writer2 VN02 V ok
writer2 D03 D ok
writer2 VP18 V ok
writer2 VP10 V ok
writer2 VN07 V ok
writer2 VN12 V ok
writer2 D10 D ok
writer2 VP12 V ok
writer2 VP03 V ok
writer2 VN09 V ok
writer2 VN06 V ok
writer2 VP06 V ok
writer2 VP11 V ok
writer2 VN10 V ok
writer2 D08 D ok
writer2 VP02 V ok
writer2 D05 D ok
writer2 VP01 V ok
writer2 D01 D ok
writer2 D02 D ok
writer2 D04 D ok
writer2 VN08 V ok
writer2 VP07 V ok
writer2 VN05 V ok
writer2 VP04 V ok
writer2 VP05 V ok
writer2 VN03 V ok
writer2 VP13 V ok
writer2 D06 D ok
writer2 D07 D ok
writer2 VP17 V ok
writer2 VN01 V ok
writer2 VP14 V ok
writer3 VP06 V ok
writer3 VP13 V ok
writer3 VP12 V ok
writer3 VN07 V ok
writer3 VN12 V ok
writer3 VP07 V ok
writer3 D10 D ok
writer3 VN01 V ok
writer3 D07 D ok
writer3 VN06 V ok
writer3 D01 D ok
writer3 VN03 V ok
writer3 VN09 V ok
writer3 VP01 V ok
writer3 VP08 V ok
writer3 D09 D ok
writer3 VP02 V ok
writer3 VN08 V ok
writer3 VP11 V ok
writer3 D04 D ok
writer3 VN05 V ok
writer3 VP10 V ok
writer3 VP18 V ok
writer3 VN10 V ok
writer3 D06 D ok
writer3 VN04 V ok
writer3 VP04 V ok
writer3 VP16 V ok
writer3 VP05 V ok
writer3 D03 D ok
writer3 VN02 V ok
writer3 D05 D ok
writer3 VP03 V ok
writer3 D08 D ok
writer3 D02 D ok
writer3 VP15 V ok
writer3 VP17 V ok
writer3 VP14 V ok
writer4 VN02 V ok
writer4 VN04 V ok
writer4 VN03 V ok
writer4 VP18 V ok
writer4 VN09 V ok
writer4 VP16 V ok
writer4 VN01 V ok
writer4 VP02 V ok
writer4 VP06 V ok
writer4 D09 D ok
writer4 VP10 V ok
writer4 VP01 V ok
writer4 VP15 V ok
writer4 D02 D ok
writer4 VN08 V ok
writer4 VP12 V ok
writer4 D10 D ok
writer4 VP03 V ok
writer4 VN05 V ok
writer4 D04 D ok
writer4 VP07 V ok
writer4 VP05 V ok
writer4 D08 D ok
writer4 VN06 V ok
writer4 D05 D ok
writer4 VN07 V ok
writer4 VP13 V ok
writer4 VP11 V ok
writer4 VP14 V ok
writer4 D06 D ok
writer4 VN10 V ok
writer4 D01 D ok
writer4 VN12 V ok
writer4 D03 D ok
writer4 VP17 V ok
writer4 D07 D ok
writer4 VP04 V ok
writer4 VP08 V ok
actor VP10 V ok
actor VP16 V ok
actor VN06 V ok
actor VP15 V ok
actor VN01 V ok
actor VN02 V ok
actor VN07 V ok
actor VN08 V ok
actor VN09 V ok
actor VP13 V ok
actor VP01 V ok
actor VN12 V ok
actor VP12 V ok
actor VP06 V ok
actor VP05 V ok
actor D06 D ok
actor D07 D ok
actor D09 D ok
actor VP04 V ok
actor VP14 V ok
actor VP02 V ok
actor VN03 V ok
actor VP18 V ok
actor D01 D ok
actor D03 D ok
actor VN10 V ok
actor D08 D ok
actor VP07 V ok
actor VN05 V ok
actor VP08 V ok
actor VN04 V ok
actor VP03 V ok
actor D05 D ok
actor VP11 V ok
actor VP17 V ok
actor D04 D ok
actor D02 D ok
actor D10 D length/incomplete failure
tool 2 VP06 search None
tool 2 VP12 search None
tool 2 VP14 find None
tool 2 VP16 search None
tool 2 VN01 find None
tool 2 VN02 search None
tool 2 VN03 search None
tool 2 VN05 search None
tool 2 VN06 search None
tool 2 VN07 search None
tool 2 VN12 search None
tool 2 D01 search None
tool 2 D02 search None
tool 2 D03 search None
tool 2 D04 search None
tool 2 D05 search None
tool 2 D06 search None
tool 2 D07 search None
tool 2 D08 search None
tool 2 D09 search None
writer0 D09 D ok
writer0 D08 D ok
writer0 VN03 V ok
writer0 VP16 V ok
writer0 D02 D ok
writer0 VN05 V ok
writer0 D07 D ok
writer0 D04 D ok
writer0 D01 D ok
writer0 D06 D ok
writer0 D05 D ok
writer0 VP14 V ok
writer0 VN02 V ok
writer0 VN06 V ok
writer0 VN01 V ok
writer0 D03 D ok
writer0 VN07 V ok
writer0 VP12 V ok
writer0 VP06 V ok
writer0 VN12 V ok
writer1 D03 D ok
writer1 VN06 V ok
writer1 VP16 V ok
writer1 D06 D ok
writer1 VP12 V ok
writer1 D09 D ok
writer1 D05 D ok
writer1 D04 D ok
writer1 VN03 V ok
writer1 VN05 V ok
writer1 VN07 V ok
writer1 VN02 V ok
writer1 D02 D ok
writer1 VN12 V ok
writer1 VP06 V ok
writer1 D08 D ok
writer1 D01 D ok
writer1 D07 D ok
writer2 D07 D ok
writer2 D03 D ok
writer2 D09 D ok
writer2 D05 D ok
writer2 D02 D ok
writer2 D04 D ok
writer2 VP12 V ok
writer2 VN12 V ok
writer2 VP16 V ok
writer2 D08 D ok
writer2 VP06 V ok
writer2 D06 D ok
writer2 VN02 V ok
writer2 D01 D ok
writer2 VN07 V ok
writer2 VN03 V ok
writer2 VN05 V ok
writer2 VN06 V ok
writer3 D06 D ok
writer3 VN03 V ok
writer3 D08 D ok
writer3 VP06 V ok
writer3 VP12 V ok
writer3 VN05 V ok
writer3 VN12 V ok
writer3 D01 D ok
writer3 VN02 V ok
writer3 D04 D ok
writer3 VN06 V ok
writer3 D09 D ok
writer3 VN07 V ok
writer3 D07 D ok
writer3 D05 D ok
writer3 VP16 V ok
writer3 D02 D ok
writer3 D03 D ok
writer4 D09 D ok
writer4 VN02 V ok
writer4 VN12 V ok
writer4 VN05 V ok
writer4 VN07 V ok
writer4 VP06 V ok
writer4 VN06 V ok
writer4 VN03 V ok
writer4 VP16 V ok
writer4 D03 D ok
writer4 D04 D ok
writer4 VP12 V ok
writer4 D08 D ok
writer4 D05 D ok
writer4 D01 D ok
writer4 D07 D ok
writer4 D02 D ok
writer4 D06 D ok
actor D05 D ok
actor D04 D ok
actor D08 D ok
actor D06 D ok
actor D01 D ok
actor D02 D ok
actor D03 D ok
actor D09 D ok
actor D07 D ok
tool 3 D01 search None
tool 3 D02 search None
tool 3 D03 search None
tool 3 D04 search None
tool 3 D05 search None
tool 3 D06 find None
tool 3 D07 search None
tool 3 D09 search None
writer0 D03 D ok
writer0 D02 D ok
writer0 D01 D ok
writer0 D09 D ok
writer0 D05 D ok
writer0 D04 D ok
writer0 D06 D ok
writer0 D07 D ok
writer1 D03 D ok
writer1 D04 D ok
writer1 D09 D ok
writer1 D01 D ok
writer1 D05 D ok
writer1 D02 D ok
writer1 D07 D ok
writer2 D09 D ok
writer2 D05 D ok
writer2 D04 D ok
writer2 D02 D ok
writer2 D01 D ok
writer2 D07 D ok
writer2 D03 D ok
writer3 D01 D ok
writer3 D04 D ok
writer3 D07 D ok
writer3 D03 D ok
writer3 D05 D ok
writer3 D09 D ok
writer3 D02 D ok
writer4 D01 D ok
writer4 D04 D ok
writer4 D09 D ok
writer4 D03 D ok
writer4 D05 D ok
writer4 D02 D ok
writer4 D07 D ok
