/home/ubuntu/anaconda3/lib/python3.12/site-packages/sklearn/utils/_param_validation.py:14: UserWarning: A NumPy version >=1.22.4 and <2.3.0 is required for this version of SciPy (detected version 2.5.2)
  from scipy.sparse import csr_matrix, issparse
OUTPUT_DIR=/data/WSH/Search-ESR/experiments/local_support/runs/20260917T184725.353925Z
local_02 legacy complete
local_02 windows complete
local_01 legacy complete
local_01 windows complete
local_03 legacy complete
local_03 windows complete
local_04 windows complete
local_04 legacy complete
local_06 legacy complete
local_05 legacy complete
local_07 legacy complete
local_07 windows complete
local_05 windows complete
local_06 windows complete
local_08 windows complete
local_09 legacy complete
local_09 windows complete
local_11 legacy complete
local_10 windows complete
local_08 legacy complete
local_10 legacy complete
local_11 windows complete
local_12 windows complete
local_12 legacy complete
local_13 legacy complete
local_13 windows complete
local_15 legacy complete
local_14 windows complete
local_15 windows complete
local_17 legacy complete
local_16 windows complete
local_16 legacy complete
local_17 windows complete
local_18 legacy complete
local_19 legacy complete
local_18 windows complete
local_19 windows complete
local_20 legacy complete
local_20 windows complete
local_14 legacy complete
DONE /data/WSH/Search-ESR/experiments/local_support/runs/20260917T184725.353925Z
