/home/ubuntu/anaconda3/lib/python3.12/site-packages/sklearn/utils/_param_validation.py:14: UserWarning: A NumPy version >=1.22.4 and <2.3.0 is required for this version of SciPy (detected version 2.5.2)
  from scipy.sparse import csr_matrix, issparse
OUTPUT_DIR=/data/WSH/Search-ESR/experiments/query_initialization/exploratory_policy/runs/20260918T092827.910487Z
/home/ubuntu/anaconda3/lib/python3.12/site-packages/sklearn/utils/_param_validation.py:14: UserWarning: A NumPy version >=1.22.4 and <2.3.0 is required for this version of SciPy (detected version 2.5.2)
  from scipy.sparse import csr_matrix, issparse
/home/ubuntu/anaconda3/lib/python3.12/site-packages/sklearn/utils/_param_validation.py:14: UserWarning: A NumPy version >=1.22.4 and <2.3.0 is required for this version of SciPy (detected version 2.5.2)
  from scipy.sparse import csr_matrix, issparse
Loading weights:   0%|          | 0/398 [00:00<?, ?it/s]Loading weights:   0%|          | 1/398 [00:00<01:52,  3.53it/s]Loading weights:  34%|███▍      | 135/398 [00:00<00:00, 436.45it/s]Loading weights:   0%|          | 0/398 [00:00<?, ?it/s]Loading weights:  52%|█████▏    | 207/398 [00:00<00:00, 447.77it/s]Loading weights:   0%|          | 1/398 [00:00<02:06,  3.14it/s]Loading weights:  67%|██████▋   | 268/398 [00:00<00:00, 387.29it/s]Loading weights:  31%|███       | 124/398 [00:00<00:00, 347.96it/s]Loading weights:  80%|███████▉  | 317/398 [00:00<00:00, 405.04it/s]Loading weights:  92%|█████████▏| 365/398 [00:00<00:00, 392.93it/s]Loading weights:  45%|████▍     | 179/398 [00:00<00:00, 370.56it/s]Loading weights: 100%|██████████| 398/398 [00:01<00:00, 374.91it/s]
Loading weights:  59%|█████▉    | 234/398 [00:00<00:00, 396.52it/s]Loading weights:  71%|███████   | 282/398 [00:00<00:00, 418.45it/s]Loading weights:  83%|████████▎ | 330/398 [00:00<00:00, 435.14it/s]Loading weights:  95%|█████████▍| 378/398 [00:01<00:00, 421.17it/s]Loading weights: 100%|██████████| 398/398 [00:01<00:00, 376.80it/s]
RETRIEVAL_PREFLIGHT passed
[1] step_start 
[2] api_request 
[1] step_start 
[2] api_request 
[1] step_start 
[2] api_request 
[1] step_start 
[2] api_request 
[1] step_start 
[1] step_start 
[1] step_start 
[2] api_request 
[2] api_request 
[2] api_request 
[1] step_start 
[2] api_request 
[3] api_response 
[4] tool_start search
[3] api_response 
[4] tool_start search
[3] api_response 
[4] tool_start search
[5] retrieval_worker 
[5] retrieval_worker 
[5] retrieval_worker 
[6] tool_result search
[7] step_start 
[8] api_request 
[6] tool_result search
[7] step_start 
[8] api_request 
[6] tool_result search
[7] step_start 
[8] api_request 
[3] api_response 
[4] tool_start search
[9] api_response 
[10] tool_start search
[9] api_response 
[3] api_response 
[10] tool_start search
[4] tool_start search
[3] api_response 
[4] tool_start search
[3] api_response 
[4] tool_start search
[11] retrieval_worker 
[5] retrieval_worker 
[11] retrieval_worker 
[12] tool_result search
DONE qid_1000__current__r1 complete
[6] tool_result search
[7] step_start 
[8] api_request 
[5] retrieval_worker 
[9] api_response 
[10] tool_start search
[12] tool_result search
DONE qid_191__current__r2 complete
[5] retrieval_worker 
[5] retrieval_worker 
[6] tool_result search
[7] step_start 
[8] api_request 
[1] step_start 
[2] api_request 
[6] tool_result search
[7] step_start 
[8] api_request 
[11] retrieval_worker 
[1] step_start 
[2] api_request 
[6] tool_result search
[7] step_start 
[8] api_request 
[3] api_response 
[4] tool_start search
[5] retrieval_worker 
[12] tool_result search
DONE qid_1039__current__r2 complete
[9] api_response 
[10] tool_start search
[9] api_response 
[10] tool_start search
[11] retrieval_worker 
[6] tool_result search
[7] step_start 
[8] api_request 
[9] api_response 
[10] tool_start search
[11] retrieval_worker 
[12] tool_result search
DONE qid_60__exploratory__r1 complete
[12] tool_result search
DONE qid_605__current__r1 complete
[1] step_start 
[2] api_request 
[11] retrieval_worker 
[3] api_response 
[4] tool_start search
[9] api_response 
[10] tool_start search
[1] step_start 
[2] api_request 
[12] tool_result search
DONE qid_520__exploratory__r1 complete
[5] retrieval_worker 
[11] retrieval_worker 
[1] step_start 
[2] api_request 
[1] step_start 
[2] api_request 
[9] api_response 
[10] tool_start search
[6] tool_result search
[7] step_start 
[8] api_request 
[12] tool_result search
DONE qid_1039__exploratory__r1 complete
[3] api_response 
[4] tool_start search
[5] retrieval_worker 
[11] retrieval_worker 
[3] api_response 
[4] tool_start search
[6] tool_result search
[7] step_start 
[8] api_request 
[1] step_start 
[2] api_request 
[5] retrieval_worker 
[12] tool_result search
DONE qid_134__current__r2 complete
[1] step_start 
[2] api_request 
[3] api_response 
[4] tool_start search
[5] retrieval_worker 
[9] api_response 
[10] tool_start search
[6] tool_result search
[7] step_start 
[8] api_request 
[9] api_response 
[10] tool_start search
[6] tool_result search
[7] step_start 
[8] api_request 
[11] retrieval_worker 
[11] retrieval_worker 
[12] tool_result search
DONE qid_978__exploratory__r2 complete
[9] api_response 
[10] tool_start open
[12] tool_result search
DONE qid_1039__exploratory__r2 complete
[11] tool_result open
DONE qid_1000__current__r2 complete
[1] step_start 
[2] api_request 
[1] step_start 
[2] api_request 
[1] step_start 
[2] api_request 
[3] api_response 
[4] tool_start search
[3] api_response 
[4] tool_start search
[5] retrieval_worker 
[5] retrieval_worker 
[6] tool_result search
[7] step_start 
[8] api_request 
[6] tool_result search
[7] step_start 
[8] api_request 
[9] api_response 
[10] tool_start search
[9] api_response 
[10] tool_start search
[3] api_response 
[4] tool_start search
[11] retrieval_worker 
[3] api_response 
[4] tool_start search
[11] retrieval_worker 
[5] retrieval_worker 
[5] retrieval_worker 
[12] tool_result search
DONE qid_191__exploratory__r1 complete
[12] tool_result search
DONE qid_124__current__r1 complete
[6] tool_result search
[7] step_start 
[8] api_request 
[1] step_start 
[2] api_request 
[6] tool_result search
[7] step_start 
[8] api_request 
[1] step_start 
[2] api_request 
[3] api_response 
[4] tool_start search
[3] api_response 
[4] tool_start search
[5] retrieval_worker 
[3] api_response 
[5] retrieval_worker 
[4] tool_start search
[5] retrieval_worker 
[6] tool_result search
[7] step_start 
[8] api_request 
[6] tool_result search
[7] step_start 
[8] api_request 
[6] tool_result search
[7] step_start 
[8] api_request 
[9] api_response 
[10] tool_start search
[9] api_response 
[10] tool_start search
[11] retrieval_worker 
[11] retrieval_worker 
[3] api_response 
[4] tool_start search
[9] api_response 
[10] tool_start search
[11] retrieval_worker 
[12] tool_result search
[5] retrieval_worker 
DONE qid_1035__current__r1 complete
[12] tool_result search
DONE qid_446__current__r2 complete
[12] tool_result search
DONE qid_191__exploratory__r2 complete
[9] api_response 
[10] tool_start search
[6] tool_result search
[7] step_start 
[8] api_request 
[11] retrieval_worker 
[9] api_response 
[10] tool_start search
[1] step_start 
[2] api_request 
[1] step_start 
[2] api_request 
[1] step_start 
[2] api_request 
[12] tool_result search
[11] retrieval_worker 
DONE qid_519__exploratory__r2 complete
[3] api_response 
[4] run_error 
DONE qid_719__exploratory__r1 protocol_error
[12] tool_result search
DONE qid_1035__current__r2 complete
[3] api_response 
[4] tool_start search
[3] api_response 
[4] tool_start search
[1] step_start 
[2] api_request 
[5] retrieval_worker 
[9] api_response 
[10] tool_start search
[5] retrieval_worker 
[6] tool_result search
[7] step_start 
[8] api_request 
[11] retrieval_worker 
[1] step_start 
[2] api_request 
[6] tool_result search
[7] step_start 
[8] api_request 
[1] step_start 
[2] api_request 
[3] api_response 
[4] tool_start search
[5] retrieval_worker 
[9] api_response 
[10] tool_start search
[9] api_response 
[10] tool_start search
[9] api_response 
[10] tool_start search
[11] retrieval_worker 
[12] tool_result search
DONE qid_854__exploratory__r1 complete
[11] retrieval_worker 
[11] retrieval_worker 
[12] tool_result search
[6] tool_result search
[7] step_start 
[12] tool_result search
[8] api_request 
DONE qid_1147__exploratory__r1 complete
DONE qid_71__current__r2 complete
[12] tool_result search
DONE qid_719__exploratory__r2 complete
[1] step_start 
[2] api_request 
[3] api_response 
[4] tool_start search
[1] step_start 
[2] api_request 
[1] step_start 
[2] api_request 
[1] step_start 
[2] api_request 
[5] retrieval_worker 
[3] api_response 
[4] tool_start search
[5] retrieval_worker 
[9] api_response 
[10] tool_start search
[3] api_response 
[4] tool_start search
[3] api_response 
[4] tool_start search
[3] api_response 
[4] tool_start search
[6] tool_result search
[7] step_start 
[8] api_request 
[5] retrieval_worker 
[11] retrieval_worker 
[3] api_response 
[4] tool_start search
[6] tool_result search
[7] step_start 
[8] api_request 
[5] retrieval_worker 
[6] tool_result search
[12] tool_result search
[7] step_start 
[8] api_request 
DONE qid_124__current__r2 complete
[5] retrieval_worker 
[6] tool_result search
[7] step_start 
[8] api_request 
[3] api_response 
[4] tool_start search
[5] retrieval_worker 
[1] step_start 
[2] api_request 
[5] retrieval_worker 
[6] tool_result search
[7] step_start 
[8] api_request 
[6] tool_result search
[7] step_start 
[8] api_request 
[9] api_response 
[10] tool_start search
[9] api_response 
[10] tool_start search
[6] tool_result search
[7] step_start 
[8] api_request 
[11] retrieval_worker 
[11] retrieval_worker 
[3] api_response 
[4] tool_start search
[5] retrieval_worker 
[12] tool_result search
DONE qid_519__current__r2 complete
[12] tool_result search
DONE qid_760__current__r2 complete
[9] api_response 
[10] tool_start search
[11] retrieval_worker 
[9] api_response 
[10] tool_start search
[6] tool_result search
[7] step_start 
[8] api_request 
[9] api_response 
[10] tool_start search
[11] retrieval_worker 
[9] api_response 
[10] tool_start search
[9] api_response 
[10] tool_start search
[12] tool_result search
DONE qid_71__current__r1 complete
[11] retrieval_worker 
[1] step_start 
[2] api_request 
[12] tool_result search
DONE qid_854__current__r2 complete
[11] retrieval_worker 
[1] step_start 
[2] api_request 
[11] retrieval_worker 
[12] tool_result search
DONE qid_692__exploratory__r2 complete
[9] api_response 
[10] tool_start search
[12] tool_result search
DONE qid_854__exploratory__r2 complete
[1] step_start 
[2] api_request 
[1] step_start 
[2] api_request 
[12] tool_result search
DONE qid_134__exploratory__r2 complete
[11] retrieval_worker 
[1] step_start 
[2] api_request 
[3] api_response 
[4] tool_start search
[3] api_response 
[4] tool_start search
[5] retrieval_worker 
[5] retrieval_worker 
[12] tool_result search
DONE qid_605__exploratory__r2 complete
[1] step_start 
[2] api_request 
[3] api_response 
[4] tool_start search
[6] tool_result search
[7] step_start 
[8] api_request 
[6] tool_result search
[7] step_start 
[8] api_request 
[1] step_start 
[2] api_request 
[3] api_response 
[4] tool_start search
[3] api_response 
[4] tool_start search
[5] retrieval_worker 
[5] retrieval_worker 
[9] api_response 
[10] tool_start search
[11] retrieval_worker 
[3] api_response 
[4] tool_start search
[5] retrieval_worker 
[5] retrieval_worker 
[6] tool_result search
[7] step_start 
[8] api_request 
[12] tool_result search
DONE qid_1147__current__r1 complete
[6] tool_result search
[7] step_start 
[8] api_request 
[1] step_start 
[2] api_request 
[6] tool_result search
[7] step_start 
[8] api_request 
[3] api_response 
[4] tool_start search
[6] tool_result search
[7] step_start 
[8] api_request 
[5] retrieval_worker 
[1] step_start 
[2] api_request 
[9] api_response 
[10] tool_start search
[3] api_response 
[4] tool_start search
[11] retrieval_worker 
[9] api_response 
[10] tool_start search
[9] api_response 
[10] tool_start search
[6] tool_result search
[7] step_start 
[8] api_request 
[11] retrieval_worker 
[5] retrieval_worker 
[12] tool_result search
DONE qid_605__current__r2 complete
[9] api_response 
[10] tool_start search
[12] tool_result search
[11] retrieval_worker 
DONE qid_978__current__r1 complete
[6] tool_result search
[7] step_start 
[8] api_request 
[9] api_response 
[10] tool_start search
[11] retrieval_worker 
[12] tool_result search
DONE qid_60__exploratory__r2 complete
[11] retrieval_worker 
[12] tool_result search
DONE qid_520__current__r2 complete
[3] api_response 
[4] tool_start search
[1] step_start 
[2] api_request 
[12] tool_result search
DONE qid_520__current__r1 complete
[1] step_start 
[2] api_request 
[5] retrieval_worker 
[1] step_start 
[2] api_request 
[9] api_response 
[10] tool_start search
[1] step_start 
[2] api_request 
[11] retrieval_worker 
[6] tool_result search
[7] step_start 
[8] api_request 
[1] step_start 
[2] api_request 
[3] api_response 
[4] tool_start search
[9] api_response 
[10] tool_start search
[5] retrieval_worker 
[3] api_response 
[4] tool_start search
[5] retrieval_worker 
[11] retrieval_worker 
[12] tool_result search
DONE qid_519__exploratory__r1 complete
[6] tool_result search
[7] step_start 
[8] api_request 
[12] tool_result search
[6] tool_result search
[7] step_start 
[8] api_request 
DONE qid_435__current__r1 complete
[9] api_response 
[10] tool_start search
[11] retrieval_worker 
[1] step_start 
[2] api_request 
[1] step_start 
[2] api_request 
[12] tool_result search
DONE qid_1147__exploratory__r2 complete
[9] api_response 
[10] tool_start search
[11] retrieval_worker 
[1] step_start 
[2] api_request 
[9] api_response 
[10] tool_start search
[11] retrieval_worker 
[12] tool_result search
DONE qid_1147__current__r2 complete
[3] api_response 
[4] tool_start search
[5] retrieval_worker 
[12] tool_result search
DONE qid_435__exploratory__r2 complete
[3] api_response 
[4] tool_start search
[5] retrieval_worker 
[6] tool_result search
[7] step_start 
[8] api_request 
[1] step_start 
[2] api_request 
[6] tool_result search
[7] step_start 
[8] api_request 
[1] step_start 
[2] api_request 
[3] api_response 
[4] tool_start search
[5] retrieval_worker 
[6] tool_result search
[7] step_start 
[8] api_request 
[9] api_response 
[10] tool_start search
[9] api_response 
[10] tool_start search
[11] retrieval_worker 
[9] api_response 
[10] tool_start search
[11] retrieval_worker 
[11] retrieval_worker 
[3] api_response 
[4] tool_start search
[5] retrieval_worker 
[3] api_response 
[4] tool_start search
[5] retrieval_worker 
[12] tool_result search
DONE qid_1035__exploratory__r1 complete
[6] tool_result search
[7] step_start 
[8] api_request 
[6] tool_result search
[7] step_start 
[8] api_request 
[1] step_start 
[2] api_request 
[12] tool_result search
DONE qid_854__current__r1 complete
[3] api_response 
[4] run_error 
DONE qid_1000__exploratory__r2 protocol_error
[1] step_start 
[2] api_request 
[1] step_start 
[2] api_request 
[12] tool_result search
DONE qid_692__exploratory__r1 complete
[9] api_response 
[10] tool_start search
[1] step_start 
[2] api_request 
[11] retrieval_worker 
[12] tool_result search
DONE qid_60__current__r1 complete
[1] step_start 
[2] api_request 
[3] api_response 
[4] tool_start search
[5] retrieval_worker 
[6] tool_result search
[7] step_start 
[8] api_request 
[9] api_response 
[10] tool_start search
[3] api_response 
[4] tool_start search
[11] retrieval_worker 
[5] retrieval_worker 
[12] tool_result search
DONE qid_1000__exploratory__r1 complete
[1] step_start 
[2] api_request 
[6] tool_result search
[7] step_start 
[8] api_request 
[3] api_response 
[4] tool_start search
[3] api_response 
[4] run_error 
DONE qid_1249__current__r1 protocol_error
[3] api_response 
[9] api_response 
[4] tool_start search
[10] tool_start search
[5] retrieval_worker 
[5] retrieval_worker 
[9] api_response 
[10] tool_start search
[6] tool_result search
[7] step_start 
[8] api_request 
[1] step_start 
[2] api_request 
[11] retrieval_worker 
[11] retrieval_worker 
[3] api_response 
[4] tool_start search
[6] tool_result search
[7] step_start 
[8] api_request 
[5] retrieval_worker 
[12] tool_result search
DONE qid_760__current__r1 complete
[12] tool_result search
DONE qid_692__current__r2 complete
[3] api_response 
[4] tool_start search
[5] retrieval_worker 
[6] tool_result search
[7] step_start 
[8] api_request 
[6] tool_result search
[7] step_start 
[8] api_request 
[1] step_start 
[2] api_request 
[1] step_start 
[2] api_request 
[3] api_response 
[4] tool_start search
[9] api_response 
[10] tool_start search
[5] retrieval_worker 
[11] retrieval_worker 
[3] api_response 
[4] tool_start search
[5] retrieval_worker 
[9] api_response 
[10] tool_start search
[12] tool_result search
DONE qid_435__current__r2 complete
[11] retrieval_worker 
[3] api_response 
[4] tool_start search
[6] tool_result search
[7] step_start 
[8] api_request 
[5] retrieval_worker 
[6] tool_result search
[7] step_start 
[8] api_request 
[1] step_start 
[2] api_request 
[6] tool_result search
[12] tool_result search
[7] step_start 
[8] api_request 
DONE qid_760__exploratory__r1 complete
[1] step_start 
[2] api_request 
[9] api_response 
[10] tool_start search
[11] retrieval_worker 
[12] tool_result search
DONE qid_1039__current__r1 complete
[9] api_response 
[10] tool_start search
[11] retrieval_worker 
[1] step_start 
[2] api_request 
[12] tool_result search
DONE qid_446__current__r1 complete
[9] api_response 
[10] tool_start search
[11] retrieval_worker 
[3] api_response 
[4] tool_start search
[1] step_start 
[2] api_request 
[12] tool_result search
DONE qid_124__exploratory__r2 complete
[5] retrieval_worker 
[3] api_response 
[4] tool_start search
[3] api_response 
[4] tool_start search
[5] retrieval_worker 
[1] step_start 
[2] api_request 
[9] api_response 
[10] tool_start search
[5] retrieval_worker 
[11] retrieval_worker 
[6] tool_result search
[7] step_start 
[8] api_request 
[6] tool_result search
[7] step_start 
[8] api_request 
[12] tool_result search
DONE qid_446__exploratory__r2 complete
[6] tool_result search
[7] step_start 
[8] api_request 
[1] step_start 
[2] api_request 
[3] api_response 
[4] tool_start search
[5] retrieval_worker 
[6] tool_result search
[7] step_start 
[8] api_request 
[9] api_response 
[10] tool_start search
[9] api_response 
[10] tool_start search
[11] retrieval_worker 
[11] retrieval_worker 
[9] api_response 
[10] tool_start search
[3] api_response 
[11] retrieval_worker 
[4] tool_start search
[12] tool_result search
[5] retrieval_worker 
DONE qid_71__exploratory__r2 complete
[12] tool_result search
DONE qid_692__current__r1 complete
[12] tool_result search
DONE qid_1249__exploratory__r1 complete
[1] step_start 
[2] api_request 
[6] tool_result search
[7] step_start 
[8] api_request 
[1] step_start 
[2] api_request 
[1] step_start 
[2] api_request 
[3] api_response 
[4] tool_start search
[5] retrieval_worker 
[6] tool_result search
[7] step_start 
[8] api_request 
[9] api_response 
[10] tool_start search
[11] retrieval_worker 
[12] tool_result search
DONE qid_191__current__r1 complete
[3] api_response 
[4] tool_start search
[5] retrieval_worker 
[9] api_response 
[10] tool_start search
[1] step_start 
[2] api_request 
[11] retrieval_worker 
[12] tool_result search
DONE qid_978__exploratory__r1 complete
[6] tool_result search
[7] step_start 
[8] api_request 
[3] api_response 
[4] tool_start search
[5] retrieval_worker 
[9] api_response 
[10] run_error 
DONE qid_520__exploratory__r2 protocol_error
[9] api_response 
[10] tool_start search
[11] retrieval_worker 
[9] api_response 
[10] tool_start search
[6] tool_result search
[7] step_start 
[8] api_request 
[12] tool_result search
DONE qid_60__current__r2 complete
[11] retrieval_worker 
[1] step_start 
[2] api_request 
[3] api_response 
[4] run_error 
DONE qid_1249__exploratory__r2 protocol_error
[12] tool_result search
DONE qid_719__current__r1 complete
[3] api_response 
[4] tool_start search
[1] step_start 
[2] api_request 
[5] retrieval_worker 
[9] api_response 
[10] tool_start search
[1] step_start 
[2] api_request 
[3] api_response 
[4] tool_start search
[3] api_response 
[4] tool_start search
[5] retrieval_worker 
[11] retrieval_worker 
[6] tool_result search
[7] step_start 
[8] api_request 
[5] retrieval_worker 
[1] step_start 
[2] api_request 
[1] step_start 
[2] api_request 
[6] tool_result search
[7] step_start 
[8] api_request 
[12] tool_result search
DONE qid_605__exploratory__r1 complete
[3] api_response 
[4] tool_start search
[5] retrieval_worker 
[6] tool_result search
[7] step_start 
[8] api_request 
[6] tool_result search
[7] step_start 
[8] api_request 
[3] api_response 
[4] run_error 
DONE qid_1249__current__r2 protocol_error
[1] step_start 
[2] api_request 
[9] api_response 
[10] tool_start search
[11] retrieval_worker 
[1] step_start 
[2] api_request 
[9] api_response 
[10] tool_start search
[11] retrieval_worker 
[3] api_response 
[4] tool_start search
[12] tool_result search
DONE qid_446__exploratory__r1 complete
[3] api_response 
[4] tool_start search
[12] tool_result search
DONE qid_124__exploratory__r1 complete
[9] api_response 
[10] tool_start search
[5] retrieval_worker 
[5] retrieval_worker 
[11] retrieval_worker 
[3] api_response 
[4] tool_start search
[5] retrieval_worker 
[12] tool_result search
[6] tool_result search
[7] step_start 
[8] api_request 
DONE qid_435__exploratory__r1 complete
[6] tool_result search
[7] step_start 
[8] api_request 
[9] api_response 
[10] tool_start search
[11] retrieval_worker 
[1] step_start 
[2] api_request 
[6] tool_result search
[7] step_start 
[8] api_request 
[1] step_start 
[2] api_request 
[1] step_start 
[2] api_request 
[12] tool_result search
DONE qid_719__current__r2 complete
[9] api_response 
[10] tool_start search
[3] api_response 
[4] tool_start search
[11] retrieval_worker 
[5] retrieval_worker 
[3] api_response 
[4] tool_start search
[5] retrieval_worker 
[12] tool_result search
DONE qid_760__exploratory__r2 complete
[6] tool_result search
[7] step_start 
[8] api_request 
[6] tool_result search
[7] step_start 
[8] api_request 
[9] api_response 
[10] tool_start search
[11] retrieval_worker 
[12] tool_result search
DONE qid_71__exploratory__r1 complete
[9] api_response 
[10] tool_start search
[11] retrieval_worker 
[12] tool_result search
DONE qid_134__exploratory__r1 complete
[3] api_response 
[4] tool_start search
[5] retrieval_worker 
[6] tool_result search
[7] step_start 
[8] api_request 
[9] api_response 
[10] tool_start search
[11] retrieval_worker 
[9] api_response 
[10] tool_start search
[11] retrieval_worker 
[12] tool_result search
DONE qid_134__current__r1 complete
[12] tool_result search
DONE qid_519__current__r1 complete
[9] api_response 
[10] run_error 
DONE qid_1035__exploratory__r2 protocol_error
[3] api_response 
[4] tool_start search
[5] retrieval_worker 
[6] tool_result search
[7] step_start 
[8] api_request 
[9] api_response 
[10] tool_start search
[11] retrieval_worker 
[12] tool_result search
DONE qid_978__current__r2 complete
FINISHED /data/WSH/Search-ESR/experiments/query_initialization/exploratory_policy/runs/20260918T092827.910487Z
