/home/ubuntu/anaconda3/lib/python3.12/site-packages/sklearn/utils/_param_validation.py:14: UserWarning: A NumPy version >=1.22.4 and <2.3.0 is required for this version of SciPy (detected version 2.5.2)
  from scipy.sparse import csr_matrix, issparse
OUTPUT_DIR=/data/WSH/Search-ESR/experiments/query_initialization/single_entry/runs/20260918T072122.779614Z
[1] api_request 
[1] api_request 
[1] api_request 
[1] api_request 
[2] api_response 
[3] plan_finalized 
[4] search_start 
[2] api_response 
[3] plan_finalized 
[4] search_start 
[2] api_response 
[3] plan_finalized 
[4] search_start 
[2] api_response 
[3] plan_finalized 
[4] search_start 
Loading weights:   0%|          | 0/398 [00:00<?, ?it/s]Loading weights:  17%|█▋        | 69/398 [00:00<00:00, 624.03it/s]Loading weights:  36%|███▌      | 144/398 [00:00<00:00, 693.73it/s]Loading weights:  54%|█████▍    | 214/398 [00:00<00:00, 692.83it/s]Loading weights:  71%|███████▏  | 284/398 [00:00<00:00, 691.31it/s]Loading weights:  89%|████████▉ | 354/398 [00:00<00:00, 675.95it/s]Loading weights: 100%|██████████| 398/398 [00:00<00:00, 630.14it/s]
[5] search_result 
DONE qid_551__minimal__r2 complete
[5] search_result 
DONE qid_583__entry_v1__r2 complete
[5] search_result 
DONE qid_591__minimal__r2 complete
[5] search_result 
[1] api_request 
DONE qid_645__entry_v1__r2 complete
[1] api_request 
[1] api_request 
[1] api_request 
[2] api_response 
[3] plan_finalized 
[4] search_start 
[2] api_response 
[3] plan_finalized 
[4] search_start 
[2] api_response 
[3] plan_finalized 
[4] search_start 
[5] search_result 
DONE qid_1072__entry_v1__r1 complete
[2] api_response 
[3] plan_finalized 
[4] search_start 
[1] api_request 
[5] search_result 
DONE qid_591__entry_v1__r2 complete
[5] search_result 
DONE qid_1072__minimal__r1 complete
[5] search_result 
DONE qid_583__entry_v1__r1 complete
[1] api_request 
[1] api_request 
[2] api_response 
[3] plan_finalized 
[4] search_start 
[1] api_request 
[2] api_response 
[3] plan_finalized 
[4] search_start 
[2] api_response 
[3] plan_finalized 
[4] search_start 
[5] search_result 
DONE qid_645__minimal__r1 complete
[5] search_result 
DONE qid_591__entry_v1__r1 complete
[2] api_response 
[3] plan_finalized 
[4] search_start 
[5] search_result 
[5] search_result 
[1] api_request 
DONE qid_551__entry_v1__r1 complete
DONE qid_786__entry_v1__r1 complete
[1] api_request 
[1] api_request 
[1] api_request 
[2] api_response 
[3] plan_finalized 
[4] search_start 
[2] api_response 
[3] plan_finalized 
[4] search_start 
[5] search_result 
DONE qid_591__minimal__r1 complete
[2] api_response 
[3] plan_finalized 
[4] search_start 
[1] api_request 
[2] api_response 
[3] plan_finalized 
[4] search_start 
[5] search_result 
DONE qid_786__entry_v1__r2 complete
[5] search_result 
DONE qid_786__minimal__r2 complete
[5] search_result 
DONE qid_183__entry_v1__r2 complete
[2] api_response 
[3] plan_finalized 
[4] search_start 
[1] api_request 
[1] api_request 
[1] api_request 
[5] search_result 
DONE qid_1117__minimal__r1 complete
[1] api_request 
[2] api_response 
[3] plan_finalized 
[4] search_start 
[2] api_response 
[3] plan_finalized 
[4] search_start 
[2] api_response 
[3] plan_finalized 
[4] search_start 
[5] search_result 
DONE qid_1117__entry_v1__r2 complete
[5] search_result 
DONE qid_583__minimal__r1 complete
[5] search_result 
DONE qid_1072__minimal__r2 complete
[2] api_response 
[3] plan_finalized 
[4] search_start 
[1] api_request 
[1] api_request 
[1] api_request 
[2] api_response 
[3] plan_finalized 
[4] search_start 
[5] search_result 
DONE qid_183__entry_v1__r1 complete
[2] api_response 
[3] plan_finalized 
[4] search_start 
[1] api_request 
[5] search_result 
DONE qid_786__minimal__r1 complete
[2] api_response 
[3] plan_finalized 
[4] search_start 
[1] api_request 
[5] search_result 
DONE qid_645__minimal__r2 complete
[2] api_response 
[3] plan_finalized 
[4] search_start 
[2] api_response 
[3] plan_finalized 
[4] search_start 
[1] api_request 
[5] search_result 
DONE qid_1072__entry_v1__r2 complete
[5] search_result 
DONE qid_551__entry_v1__r2 complete
[5] search_result 
DONE qid_183__minimal__r2 complete
[1] api_request 
[1] api_request 
[1] api_request 
[2] api_response 
[3] plan_finalized 
[4] search_start 
[5] search_result 
DONE qid_1117__minimal__r2 complete
[1] api_request 
[2] api_response 
[3] plan_finalized 
[4] search_start 
[2] api_response 
[3] plan_finalized 
[4] search_start 
[2] api_response 
[3] plan_finalized 
[4] search_start 
[5] search_result 
DONE qid_1117__entry_v1__r1 complete
[1] api_request 
[2] api_response 
[3] plan_finalized 
[4] search_start 
[5] search_result 
DONE qid_645__entry_v1__r1 complete
[2] api_response 
[3] plan_finalized 
[4] search_start 
[5] search_result 
DONE qid_183__minimal__r1 complete
[5] search_result 
DONE qid_551__minimal__r1 complete
[5] search_result 
DONE qid_583__minimal__r2 complete
FINISHED /data/WSH/Search-ESR/experiments/query_initialization/single_entry/runs/20260918T072122.779614Z
